Product: MDK-ARM Professional 5.10
Component: ARM Compiler 5.04 update 1 (build 49)
Tool: armlink [5040049]

==============================================================================

Section Cross References

    main.o(.text) refers to delay.o(.text) for delay_init
    main.o(.text) refers to iram.o(.text) for USART1_Init
    main.o(.text) refers to spo2.o(.text) for USART2_Init
    main.o(.text) refers to usart.o(.text) for USART3_Init
    main.o(.text) refers to wt588d.o(.text) for WT588D_Init
    main.o(.text) refers to led.o(.text) for LED_Init
    main.o(.text) refers to sys.o(.text) for Gpio_Init
    main.o(.text) refers to encoder.o(.text) for Rotary_Encoder_Init
    main.o(.text) refers to ch452.o(.text) for CH452_Init
    main.o(.text) refers to adc.o(.text) for adc1_interrupt_init
    main.o(.text) refers to timer.o(.text) for TIM3_Int_Init
    main.o(.text) refers to datahandle.o(.text) for kmSelfTest
    main.o(.text) refers to datahandle.o(.data) for System_Task_Register
    system_stm32f10x.o(.text) refers to system_stm32f10x.o(.data) for SystemCoreClock
    led.o(.text) refers to stm32f10x_rcc.o(.text) for RCC_APB2PeriphClockCmd
    led.o(.text) refers to stm32f10x_gpio.o(.text) for GPIO_Init
    led.o(.text) refers to led.o(.data) for temp
    led.o(.text) refers to timer.o(.data) for Flag_250ms
    usart.o(.text) refers to stm32f10x_rcc.o(.text) for RCC_APB2PeriphClockCmd
    usart.o(.text) refers to stm32f10x_gpio.o(.text) for GPIO_Init
    usart.o(.text) refers to stm32f10x_usart.o(.text) for USART_Init
    usart.o(.text) refers to misc.o(.text) for NVIC_Init
    usart.o(.text) refers to datahandle.o(.text) for Uart4_RecvDataProcess
    usart.o(.text) refers to usart.o(.data) for Wait_Syn
    usart.o(.text) refers to usart.o(.bss) for Uart4RxBuffer
    usart.o(.text) refers to datahandle.o(.data) for UART4_TX_BUSY_FLAG
    wt588d.o(.text) refers to stm32f10x_rcc.o(.text) for RCC_APB2PeriphClockCmd
    wt588d.o(.text) refers to stm32f10x_gpio.o(.text) for GPIO_Init
    wt588d.o(.text) refers to delay.o(.text) for delay_ms
    wt588d.o(.text) refers to wt588d.o(.data) for LastPriority
    timer.o(.text) refers to stm32f10x_rcc.o(.text) for RCC_APB1PeriphClockCmd
    timer.o(.text) refers to stm32f10x_tim.o(.text) for TIM_TimeBaseInit
    timer.o(.text) refers to misc.o(.text) for NVIC_Init
    timer.o(.text) refers to led.o(.text) for setLED_Flash
    timer.o(.text) refers to sys.o(.text) for getPowerStatus
    timer.o(.text) refers to timer.o(.data) for LED_Flash_Count
    timer.o(.text) refers to datahandle.o(.data) for System_Task_Register
    adc.o(.text) refers to stm32f10x_adc.o(.text) for ADC_RegularChannelConfig
    adc.o(.text) refers to stm32f10x_rcc.o(.text) for RCC_APB2PeriphClockCmd
    adc.o(.text) refers to stm32f10x_gpio.o(.text) for GPIO_Init
    adc.o(.text) refers to stm32f10x_dma.o(.text) for DMA_GetITStatus
    adc.o(.text) refers to misc.o(.text) for NVIC_Init
    adc.o(.text) refers to adc.o(.data) for adc_value
    adc.o(.text) refers to adc.o(.bss) for BatteryVoltageSample
    encoder.o(.text) refers to stm32f10x_rcc.o(.text) for RCC_APB2PeriphClockCmd
    encoder.o(.text) refers to stm32f10x_gpio.o(.text) for GPIO_Init
    encoder.o(.text) refers to delay.o(.text) for delay_ms
    encoder.o(.text) refers to stm32f10x_exti.o(.text) for EXTI_GetFlagStatus
    encoder.o(.text) refers to encoder.o(.data) for count
    encoder.o(.text) refers to datahandle.o(.data) for KeyValue_Data
    ch452.o(.text) refers to delay.o(.text) for delay_us
    ch452.o(.text) refers to stm32f10x_rcc.o(.text) for RCC_APB2PeriphClockCmd
    ch452.o(.text) refers to stm32f10x_gpio.o(.text) for GPIO_PinRemapConfig
    ch452.o(.text) refers to datahandle.o(.data) for KeyValue_Data
    ch452.o(.text) refers to ch452.o(.data) for KeyStatus
    ch452.o(.text) refers to encoder.o(.data) for keyValue
    datahandle.o(.text) refers to sys.o(.text) for CheckAcStatus
    datahandle.o(.text) refers to adc.o(.text) for getBatteryValue
    datahandle.o(.text) refers to usart.o(.text) for CalculateCheckSum
    datahandle.o(.text) refers to datahandle.o(.data) for KeyValue_Data
    datahandle.o(.text) refers to sys.o(.data) for BatteryHighLevel
    datahandle.o(.text) refers to usart.o(.bss) for Uart5TxBuffer
    datahandle.o(.text) refers to encoder.o(.data) for keyValue
    datahandle.o(.text) refers to datahandle.o(.bss) for eflowMonitorData
    datahandle.o(.text) refers to spo2.o(.data) for SPO2_TxdData
    datahandle.o(.text) refers to iram.o(.text) for IRAM_Send_Data_Transmit
    datahandle.o(.text) refers to iram.o(.bss) for IRMA_Txd_SensorFrameData
    datahandle.o(.text) refers to iram.o(.data) for UART1_TX_BUSY_FLAG
    datahandle.o(.text) refers to led.o(.text) for Alarm_LED_Flash
    datahandle.o(.text) refers to wt588d.o(.text) for Alarm_voice_Select
    datahandle.o(.text) refers to delay.o(.text) for delay_ms
[...]
    rtexit2.o(.ARM.exidx) refers to rtexit2.o(.ARM.Collect$$rtexit$$00000001) for .ARM.Collect$$rtexit$$00000001
    rtexit2.o(.ARM.exidx) refers to rtexit2.o(.ARM.Collect$$rtexit$$00000003) for .ARM.Collect$$rtexit$$00000003
    rtexit2.o(.ARM.exidx) refers to rtexit2.o(.ARM.Collect$$rtexit$$00000004) for .ARM.Collect$$rtexit$$00000004
    argv_veneer.o(.emb_text) refers to no_argv.o(.text) for __ARM_get_argv
    sys_exit.o(.text) refers (Special) to use_no_semi.o(.text) for __I$use$semihosting
    sys_exit.o(.text) refers (Special) to indicate_semi.o(.text) for __semihosting_library_function
    _get_argv_nomalloc.o(.text) refers (Special) to hrguard.o(.text) for __heap_region$guard
    _get_argv_nomalloc.o(.text) refers to defsig_rtmem_outer.o(.text) for __rt_SIGRTMEM
    _get_argv_nomalloc.o(.text) refers to sys_command.o(.text) for _sys_command_string
    libshutdown.o(.ARM.Collect$$libshutdown$$00000000) refers (Special) to libshutdown2.o(.ARM.Collect$$libshutdown$$00000006) for __rt_lib_shutdown_fp_trap_1
    libshutdown.o(.ARM.Collect$$libshutdown$$00000000) refers (Special) to libshutdown2.o(.ARM.Collect$$libshutdown$$0000000E) for __rt_lib_shutdown_heap_1
    libshutdown.o(.ARM.Collect$$libshutdown$$00000000) refers (Special) to libshutdown2.o(.ARM.Collect$$libshutdown$$0000000F) for __rt_lib_shutdown_return
    libshutdown.o(.ARM.Collect$$libshutdown$$00000000) refers (Special) to libshutdown2.o(.ARM.Collect$$libshutdown$$00000009) for __rt_lib_shutdown_signal_1
    libshutdown.o(.ARM.Collect$$libshutdown$$00000000) refers (Special) to libshutdown2.o(.ARM.Collect$$libshutdown$$00000003) for __rt_lib_shutdown_stdio_1
    libshutdown.o(.ARM.Collect$$libshutdown$$00000000) refers (Special) to libshutdown2.o(.ARM.Collect$$libshutdown$$0000000B) for __rt_lib_shutdown_user_alloc_1
    sys_command.o(.text) refers (Special) to use_no_semi.o(.text) for __I$use$semihosting
    sys_command.o(.text) refers (Special) to indicate_semi.o(.text) for __semihosting_library_function
    defsig_rtmem_outer.o(.text) refers to defsig_rtmem_inner.o(.text) for __rt_SIGRTMEM_inner
    defsig_rtmem_outer.o(.text) refers to defsig_exit.o(.text) for __sig_exit
    defsig_rtmem_formal.o(.text) refers to rt_raise.o(.text) for __rt_raise
    rt_raise.o(.text) refers to __raise.o(.text) for __raise
    rt_raise.o(.text) refers to sys_exit.o(.text) for _sys_exit
    defsig_exit.o(.text) refers to sys_exit.o(.text) for _sys_exit
    defsig_rtmem_inner.o(.text) refers to defsig_general.o(.text) for __default_signal_display
    __raise.o(.text) refers to defsig.o(CL$$defsig) for __default_signal_handler
    defsig_general.o(.text) refers to sys_wrch.o(.text) for _ttywrch
    sys_wrch.o(.text) refers (Special) to use_no_semi.o(.text) for __I$use$semihosting
    sys_wrch.o(.text) refers (Special) to indicate_semi.o(.text) for __semihosting_library_function
    defsig.o(CL$$defsig) refers to defsig_rtmem_inner.o(.text) for __rt_SIGRTMEM_inner
    defsig_abrt_inner.o(.text) refers to defsig_general.o(.text) for __default_signal_display
    defsig_fpe_inner.o(.text) refers to defsig_general.o(.text) for __default_signal_display
    defsig_rtred_inner.o(.text) refers to defsig_general.o(.text) for __default_signal_display
    defsig_stak_inner.o(.text) refers to defsig_general.o(.text) for __default_signal_display
    defsig_pvfn_inner.o(.text) refers to defsig_general.o(.text) for __default_signal_display
    defsig_cppl_inner.o(.text) refers to defsig_general.o(.text) for __default_signal_display
    defsig_segv_inner.o(.text) refers to defsig_general.o(.text) for __default_signal_display
    defsig_other.o(.text) refers to defsig_general.o(.text) for __default_signal_display


==============================================================================

Removing Unused input sections from the image.

    Removing core_cm3.o(.emb_text), (32 bytes).

1 unused section(s) (total 32 bytes) removed from the image.

==============================================================================

Image Symbol Table

    Local Symbols

    Symbol Name                              Value     Ov Type        Size  Object(Section)

    ../clib/angel/boardlib.s                 0x00000000   Number         0  boardshut.o ABSOLUTE
    ../clib/angel/boardlib.s                 0x00000000   Number         0  boardinit1.o ABSOLUTE
    ../clib/angel/boardlib.s                 0x00000000   Number         0  boardinit2.o ABSOLUTE
    ../clib/angel/boardlib.s                 0x00000000   Number         0  boardinit3.o ABSOLUTE
    ../clib/angel/handlers.s                 0x00000000   Number         0  __scatter_zi.o ABSOLUTE
    ../clib/angel/handlers.s                 0x00000000   Number         0  __scatter_copy.o ABSOLUTE
    ../clib/angel/kernel.s                   0x00000000   Number         0  rtexit.o ABSOLUTE
    ../clib/angel/kernel.s                   0x00000000   Number         0  rtentry2.o ABSOLUTE
    ../clib/angel/kernel.s                   0x00000000   Number         0  rtentry4.o ABSOLUTE
    ../clib/angel/kernel.s                   0x00000000   Number         0  rtexit2.o ABSOLUTE
    ../clib/angel/kernel.s                   0x00000000   Number         0  rtentry.o ABSOLUTE
    ../clib/angel/rt.s                       0x00000000   Number         0  rt_raise.o ABSOLUTE
    ../clib/angel/scatter.s                  0x00000000   Number         0  __scatter.o ABSOLUTE
    ../clib/angel/startup.s                  0x00000000   Number         0  __main.o ABSOLUTE
    ../clib/angel/sys.s                      0x00000000   Number         0  use_no_semi.o ABSOLUTE
    ../clib/angel/sys.s                      0x00000000   Number         0  libspace.o ABSOLUTE
    ../clib/angel/sys.s                      0x00000000   Number         0  indicate_semi.o ABSOLUTE
    ../clib/angel/sys.s                      0x00000000   Number         0  sys_stackheap_outer.o ABSOLUTE
    ../clib/angel/sysapp.c                   0x00000000   Number         0  sys_exit.o ABSOLUTE
    ../clib/angel/sysapp.c                   0x00000000   Number         0  sys_wrch.o ABSOLUTE
    ../clib/angel/sysapp.c                   0x00000000   Number         0  sys_command.o ABSOLUTE
    ../clib/armsys.c                         0x00000000   Number         0  argv_veneer.o ABSOLUTE
    ../clib/armsys.c                         0x00000000   Number         0  argv_veneer.o ABSOLUTE
    ../clib/armsys.c                         0x00000000   Number         0  _get_argv_nomalloc.o ABSOLUTE
    ../clib/armsys.c                         0x00000000   Number         0  no_argv.o ABSOLUTE
    ../clib/heapalloc.c                      0x00000000   Number         0  hrguard.o ABSOLUTE
    ../clib/heapaux.c                        0x00000000   Number         0  heapauxi.o ABSOLUTE
    ../clib/libinit.s                        0x00000000   Number         0  libshutdown2.o ABSOLUTE
    ../clib/libinit.s                        0x00000000   Number         0  libshutdown.o ABSOLUTE
    ../clib/libinit.s                        0x00000000   Number         0  libinit.o ABSOLUTE
    ../clib/libinit.s                        0x00000000   Number         0  libinit2.o ABSOLUTE
    ../clib/signal.c                         0x00000000   Number         0  defsig_rtmem_inner.o ABSOLUTE
    ../clib/signal.c                         0x00000000   Number         0  defsig_segv_inner.o ABSOLUTE
    ../clib/signal.c                         0x00000000   Number         0  defsig_rtmem_outer.o ABSOLUTE
    ../clib/signal.c                         0x00000000   Number         0  defsig_exit.o ABSOLUTE
    ../clib/signal.c                         0x00000000   Number         0  __raise.o ABSOLUTE
    ../clib/signal.c                         0x00000000   Number         0  defsig_general.o ABSOLUTE
    ../clib/signal.c                         0x00000000   Number         0  defsig_abrt_inner.o ABSOLUTE
    ../clib/signal.c                         0x00000000   Number         0  defsig_rtmem_formal.o ABSOLUTE
    ../clib/signal.c                         0x00000000   Number         0  defsig_fpe_inner.o ABSOLUTE
    ../clib/signal.c                         0x00000000   Number         0  defsig_rtred_inner.o ABSOLUTE
    ../clib/signal.c                         0x00000000   Number         0  defsig_other.o ABSOLUTE
    ../clib/signal.c                         0x00000000   Number         0  defsig_stak_inner.o ABSOLUTE
    ../clib/signal.c                         0x00000000   Number         0  defsig_pvfn_inner.o ABSOLUTE
    ../clib/signal.c                         0x00000000   Number         0  defsig_cppl_inner.o ABSOLUTE
    ../clib/signal.s                         0x00000000   Number         0  defsig.o ABSOLUTE
    ../clib/stdlib.c                         0x00000000   Number         0  exit.o ABSOLUTE
    ../fplib/fpinit.s                        0x00000000   Number         0  fpinit.o ABSOLUTE
    ..\CORE\core_cm3.c                       0x00000000   Number         0  core_cm3.o ABSOLUTE
    ..\CORE\startup_stm32f10x_hd.s           0x00000000   Number         0  startup_stm32f10x_hd.o ABSOLUTE
    ..\HARDWARE\ADC\adc.c                    0x00000000   Number         0  adc.o ABSOLUTE
    ..\HARDWARE\CH452\ch452.c                0x00000000   Number         0  ch452.o ABSOLUTE
    ..\HARDWARE\ENCODER\encoder.c            0x00000000   Number         0  encoder.o ABSOLUTE
    ..\HARDWARE\IRAM\iram.c                  0x00000000   Number         0  iram.o ABSOLUTE
    ..\HARDWARE\LED\led.c                    0x00000000   Number         0  led.o ABSOLUTE
    ..\HARDWARE\SPO2\spo2.c                  0x00000000   Number         0  spo2.o ABSOLUTE
    ..\HARDWARE\TIMER\timer.c                0x00000000   Number         0  timer.o ABSOLUTE
    ..\HARDWARE\USARTC\DataHandle.c          0x00000000   Number         0  datahandle.o ABSOLUTE
    ..\HARDWARE\USARTC\usart.c               0x00000000   Number         0  usart.o ABSOLUTE
    ..\HARDWARE\WT588D\wt588d.c              0x00000000   Number         0  wt588d.o ABSOLUTE
    ..\STM32F10x_FWLib\src\misc.c            0x00000000   Number         0  misc.o ABSOLUTE
    ..\STM32F10x_FWLib\src\stm32f10x_adc.c   0x00000000   Number         0  stm32f10x_adc.o ABSOLUTE
    ..\STM32F10x_FWLib\src\stm32f10x_dma.c   0x00000000   Number         0  stm32f10x_dma.o ABSOLUTE
    ..\STM32F10x_FWLib\src\stm32f10x_exti.c  0x00000000   Number         0  stm32f10x_exti.o ABSOLUTE
    ..\STM32F10x_FWLib\src\stm32f10x_gpio.c  0x00000000   Number         0  stm32f10x_gpio.o ABSOLUTE
    ..\STM32F10x_FWLib\src\stm32f10x_rcc.c   0x00000000   Number         0  stm32f10x_rcc.o ABSOLUTE
    ..\STM32F10x_FWLib\src\stm32f10x_tim.c   0x00000000   Number         0  stm32f10x_tim.o ABSOLUTE
    ..\STM32F10x_FWLib\src\stm32f10x_usart.c 0x00000000   Number         0  stm32f10x_usart.o ABSOLUTE
    ..\SYSTEM\delay\delay.c                  0x00000000   Number         0  delay.o ABSOLUTE
    ..\SYSTEM\sys\sys.c                      0x00000000   Number         0  sys.o ABSOLUTE
    ..\\CORE\\core_cm3.c                     0x00000000   Number         0  core_cm3.o ABSOLUTE
    dc.s                                     0x00000000   Number         0  dc.o ABSOLUTE
    main.c                                   0x00000000   Number         0  main.o ABSOLUTE
    stm32f10x_it.c                           0x00000000   Number         0  stm32f10x_it.o ABSOLUTE
    system_stm32f10x.c                       0x00000000   Number         0  system_stm32f10x.o ABSOLUTE
    RESET                                    0x08000000   Section      304  startup_stm32f10x_hd.o(RESET)
    !!!main                                  0x08000130   Section        8  __main.o(!!!main)
    !!!scatter                               0x08000138   Section       52  __scatter.o(!!!scatter)
    !!handler_copy                           0x0800016c   Section       26  __scatter_copy.o(!!handler_copy)
    !!handler_zi                             0x08000188   Section       28  __scatter_zi.o(!!handler_zi)
    .ARM.Collect$$libinit$$00000000          0x080001a4   Section        2  libinit.o(.ARM.Collect$$libinit$$00000000)
    .ARM.Collect$$libinit$$00000002          0x080001a6   Section        0  libinit2.o(.ARM.Collect$$libinit$$00000002)
    .ARM.Collect$$libinit$$00000008          0x080001a6   Section        0  libinit2.o(.ARM.Collect$$libinit$$00000008)
    .ARM.Collect$$libinit$$0000000A          0x080001a6   Section        0  libinit2.o(.ARM.Collect$$libinit$$0000000A)
    .ARM.Collect$$libinit$$0000000C          0x080001a6   Section        0  libinit2.o(.ARM.Collect$$libinit$$0000000C)
    .ARM.Collect$$libinit$$0000000F          0x080001a6   Section        0  libinit2.o(.ARM.Collect$$libinit$$0000000F)
    .ARM.Collect$$libinit$$00000011          0x080001a6   Section        0  libinit2.o(.ARM.Collect$$libinit$$00000011)
    .ARM.Collect$$libinit$$00000013          0x080001a6   Section        0  libinit2.o(.ARM.Collect$$libinit$$00000013)
    .ARM.Collect$$libinit$$00000015          0x080001a6   Section        0  libinit2.o(.ARM.Collect$$libinit$$00000015)
    .ARM.Collect$$libinit$$00000017          0x080001a6   Section        0  libinit2.o(.ARM.Collect$$libinit$$00000017)
    .ARM.Collect$$libinit$$00000019          0x080001a6   Section        0  libinit2.o(.ARM.Collect$$libinit$$00000019)
    .ARM.Collect$$libinit$$0000001B          0x080001a6   Section        0  libinit2.o(.ARM.Collect$$libinit$$0000001B)
    .ARM.Collect$$libinit$$0000001D          0x080001a6   Section        0  libinit2.o(.ARM.Collect$$libinit$$0000001D)
    .ARM.Collect$$libinit$$0000001F          0x080001a6   Section        0  libinit2.o(.ARM.Collect$$libinit$$0000001F)
    .ARM.Collect$$libinit$$00000021          0x080001a6   Section        0  libinit2.o(.ARM.Collect$$libinit$$00000021)
    .ARM.Collect$$libinit$$00000023          0x080001a6   Section        0  libinit2.o(.ARM.Collect$$libinit$$00000023)
    .ARM.Collect$$libinit$$0000002A          0x080001a6   Section        0  libinit2.o(.ARM.Collect$$libinit$$0000002A)
    .ARM.Collect$$libinit$$0000002C          0x080001a6   Section        0  libinit2.o(.ARM.Collect$$libinit$$0000002C)
    .ARM.Collect$$libinit$$0000002E          0x080001a6   Section        0  libinit2.o(.ARM.Collect$$libinit$$0000002E)
    .ARM.Collect$$libinit$$00000030          0x080001a6   Section        0  libinit2.o(.ARM.Collect$$libinit$$00000030)
    .ARM.Collect$$libinit$$00000031          0x080001a6   Section        2  libinit2.o(.ARM.Collect$$libinit$$00000031)
    .ARM.Collect$$libshutdown$$00000000      0x080001a8   Section        2  libshutdown.o(.ARM.Collect$$libshutdown$$00000000)
    .ARM.Collect$$libshutdown$$00000003      0x080001aa   Section        0  libshutdown2.o(.ARM.Collect$$libshutdown$$00000003)
    .ARM.Collect$$libshutdown$$00000006      0x080001aa   Section        0  libshutdown2.o(.ARM.Collect$$libshutdown$$00000006)
    .ARM.Collect$$libshutdown$$00000009      0x080001aa   Section        0  libshutdown2.o(.ARM.Collect$$libshutdown$$00000009)
    .ARM.Collect$$libshutdown$$0000000B      0x080001aa   Section        0  libshutdown2.o(.ARM.Collect$$libshutdown$$0000000B)
    .ARM.Collect$$libshutdown$$0000000E      0x080001aa   Section        0  libshutdown2.o(.ARM.Collect$$libshutdown$$0000000E)
    .ARM.Collect$$libshutdown$$0000000F      0x080001aa   Section        2  libshutdown2.o(.ARM.Collect$$libshutdown$$0000000F)
    .ARM.Collect$$rtentry$$00000000          0x080001ac   Section        0  rtentry.o(.ARM.Collect$$rtentry$$00000000)
    .ARM.Collect$$rtentry$$00000002          0x080001ac   Section        0  rtentry2.o(.ARM.Collect$$rtentry$$00000002)
    .ARM.Collect$$rtentry$$00000004          0x080001ac   Section        6  rtentry4.o(.ARM.Collect$$rtentry$$00000004)
    .ARM.Collect$$rtentry$$00000009          0x080001b2   Section        0  rtentry2.o(.ARM.Collect$$rtentry$$00000009)
    .ARM.Collect$$rtentry$$0000000A          0x080001b2   Section        4  rtentry2.o(.ARM.Collect$$rtentry$$0000000A)
    .ARM.Collect$$rtentry$$0000000C          0x080001b6   Section        0  rtentry2.o(.ARM.Collect$$rtentry$$0000000C)
    .ARM.Collect$$rtentry$$0000000D          0x080001b6   Section        8  rtentry2.o(.ARM.Collect$$rtentry$$0000000D)
    .ARM.Collect$$rtexit$$00000000           0x080001be   Section        2  rtexit.o(.ARM.Collect$$rtexit$$00000000)
    .ARM.Collect$$rtexit$$00000002           0x080001c0   Section        0  rtexit2.o(.ARM.Collect$$rtexit$$00000002)
    .ARM.Collect$$rtexit$$00000003           0x080001c0   Section        4  rtexit2.o(.ARM.Collect$$rtexit$$00000003)
    .ARM.Collect$$rtexit$$00000004           0x080001c4   Section        6  rtexit2.o(.ARM.Collect$$rtexit$$00000004)
    .text                                    0x080001cc   Section        0  main.o(.text)
    .text                                    0x08000248   Section        0  stm32f10x_it.o(.text)
    .text                                    0x08000264   Section        0  system_stm32f10x.o(.text)
    SetSysClockTo72                          0x08000265   Thumb Code   214  system_stm32f10x.o(.text)
    SetSysClock                              0x0800033b   Thumb Code     8  system_stm32f10x.o(.text)
    .text                                    0x08000444   Section        0  led.o(.text)
    .text                                    0x08000670   Section        0  usart.o(.text)
    .text                                    0x08000b6c   Section        0  wt588d.o(.text)
    .text                                    0x08000d0c   Section        0  timer.o(.text)
    .text                                    0x08000e20   Section        0  adc.o(.text)
    .text                                    0x08001144   Section        0  encoder.o(.text)
    .text                                    0x08001348   Section        0  ch452.o(.text)
    .text                                    0x080015f8   Section        0  datahandle.o(.text)
    .text                                    0x08002298   Section        0  iram.o(.text)
    .text                                    0x08002638   Section        0  spo2.o(.text)
    .text                                    0x08002848   Section        0  delay.o(.text)
    .text                                    0x0800291c   Section        0  sys.o(.text)
    .text                                    0x080029d8   Section       64  startup_stm32f10x_hd.o(.text)
    .text                                    0x08002a18   Section        0  stm32f10x_gpio.o(.text)
    .text                                    0x08002d74   Section        0  stm32f10x_rcc.o(.text)
    .text                                    0x08003118   Section        0  misc.o(.text)
    .text                                    0x080031f4   Section        0  stm32f10x_usart.o(.text)
    .text                                    0x080035fc   Section        0  stm32f10x_tim.o(.text)
    TI4_Config                               0x08003aa3   Thumb Code   130  stm32f10x_tim.o(.text)
    TI3_Config                               0x08003b37   Thumb Code   122  stm32f10x_tim.o(.text)
    TI2_Config                               0x08003bcb   Thumb Code   130  stm32f10x_tim.o(.text)
    TI1_Config                               0x08003c5f   Thumb Code   108  stm32f10x_tim.o(.text)
    .text                                    0x08004418   Section        0  stm32f10x_adc.o(.text)
    .text                                    0x08004868   Section        0  stm32f10x_dma.o(.text)
    .text                                    0x08004abc   Section        0  stm32f10x_exti.o(.text)
    .text                                    0x08004bd8   Section        0  heapauxi.o(.text)
    .text                                    0x08004bde   Section       74  sys_stackheap_outer.o(.text)
    .text                                    0x08004c28   Section        0  exit.o(.text)
    .text                                    0x08004c34   Section        8  libspace.o(.text)
    .text                                    0x08004c3c   Section        0  sys_exit.o(.text)
    .text                                    0x08004c48   Section        2  use_no_semi.o(.text)
    .text                                    0x08004c4a   Section        0  indicate_semi.o(.text)
    .data                                    0x20000000   Section       20  system_stm32f10x.o(.data)
    .data                                    0x20000014   Section        4  led.o(.data)
    temp                                     0x20000014   Data           4  led.o(.data)
    .data                                    0x20000018   Section       12  usart.o(.data)
    LastData                                 0x20000018   Data           1  usart.o(.data)
    Wait_Syn                                 0x2000001a   Data           2  usart.o(.data)
    Rx_num                                   0x2000001c   Data           1  usart.o(.data)
    Tx_num                                   0x2000001d   Data           1  usart.o(.data)
    LastData                                 0x2000001e   Data           1  usart.o(.data)
    Wait_Syn                                 0x20000020   Data           2  usart.o(.data)
    Rx_num                                   0x20000022   Data           1  usart.o(.data)
    Tx_num                                   0x20000023   Data           1  usart.o(.data)
    .data                                    0x20000024   Section        2  wt588d.o(.data)
    LastPriority                             0x20000024   Data           1  wt588d.o(.data)
    LastVolume                               0x20000025   Data           1  wt588d.o(.data)
    .data                                    0x20000026   Section        4  timer.o(.data)
    LED_Flash_Count                          0x20000029   Data           1  timer.o(.data)
    .data                                    0x2000002c   Section        8  adc.o(.data)
    .data                                    0x20000034   Section       11  encoder.o(.data)
    count                                    0x2000003b   Data           1  encoder.o(.data)
    k                                        0x2000003c   Data           1  encoder.o(.data)
    k1                                       0x2000003d   Data           1  encoder.o(.data)
    k2                                       0x2000003e   Data           1  encoder.o(.data)
    .data                                    0x2000003f   Section        1  ch452.o(.data)
    KeyStatus                                0x2000003f   Data           1  ch452.o(.data)
    .data                                    0x20000040   Section      114  datahandle.o(.data)
    LastVolumeRank                           0x200000aa   Data           1  datahandle.o(.data)
    last_ret                                 0x200000ab   Data           1  datahandle.o(.data)
    count                                    0x200000ac   Data           1  datahandle.o(.data)
    lastSPO2_Counter                         0x200000ae   Data           2  datahandle.o(.data)
    lastIRMA_Counter                         0x200000b0   Data           2  datahandle.o(.data)
    .data                                    0x200000b2   Section       16  iram.o(.data)
    LastData                                 0x200000bc   Data           1  iram.o(.data)
    Wait_Syn                                 0x200000be   Data           2  iram.o(.data)
    Rx_num                                   0x200000c0   Data           1  iram.o(.data)
    Tx_num                                   0x200000c1   Data           1  iram.o(.data)
    .data                                    0x200000c2   Section       15  spo2.o(.data)
    Usart2RxBuffer                           0x200000c8   Data           6  spo2.o(.data)
    Wait_Syn                                 0x200000ce   Data           2  spo2.o(.data)
    Rx_num                                   0x200000d0   Data           1  spo2.o(.data)
    .data                                    0x200000d2   Section        4  delay.o(.data)
    fac_us                                   0x200000d2   Data           1  delay.o(.data)
    fac_ms                                   0x200000d4   Data           2  delay.o(.data)
    .data                                    0x200000d8   Section       16  sys.o(.data)
    count                                    0x200000dc   Data           4  sys.o(.data)
    high_level                               0x200000e0   Data           4  sys.o(.data)
    low_level                                0x200000e4   Data           4  sys.o(.data)
    .data                                    0x200000e8   Section       20  stm32f10x_rcc.o(.data)
    APBAHBPrescTable                         0x200000e8   Data          16  stm32f10x_rcc.o(.data)
    ADCPrescTable                            0x200000f8   Data           4  stm32f10x_rcc.o(.data)
    .bss                                     0x200000fc   Section       72  usart.o(.bss)
    .bss                                     0x20000144   Section     3114  adc.o(.bss)
    BatteryVoltageSample                     0x20000d46   Data          40  adc.o(.bss)
    .bss                                     0x20000d6e   Section       22  datahandle.o(.bss)
    .bss                                     0x20000d84   Section       74  iram.o(.bss)
    Usart1RxBuffer                           0x20000db0   Data          30  iram.o(.bss)
    .bss                                     0x20000dd0   Section       96  libspace.o(.bss)
    HEAP                                     0x20000e30   Section      512  startup_stm32f10x_hd.o(HEAP)
    Heap_Mem                                 0x20000e30   Data         512  startup_stm32f10x_hd.o(HEAP)
    STACK                                    0x20001030   Section     1024  startup_stm32f10x_hd.o(STACK)
    Stack_Mem                                0x20001030   Data        1024  startup_stm32f10x_hd.o(STACK)
    __initial_sp                             0x20001430   Data           0  startup_stm32f10x_hd.o(STACK)

    Global Symbols

    Symbol Name                              Value     Ov Type        Size  Object(Section)

    BuildAttributes$$THM_ISAv4$P$D$K$B$S$PE$A:L22UL41UL21$X:L11$S22US41US21$IEEE1$IW$USESV6$~STKCKD$USESV7$~SHL$OSPACE$ROPI$EBA8$UX$STANDARDLIB$REQ8$PRES8$EABIv2 0x00000000   Number         0  anon$$obj.o ABSOLUTE
    __ARM_use_no_argv                        0x00000000   Number         0  main.o ABSOLUTE
    __ARM_exceptions_init                     - Undefined Weak Reference
    __alloca_initialize                       - Undefined Weak Reference
    __cpp_initialize__aeabi_                  - Undefined Weak Reference
    __cxa_finalize                            - Undefined Weak Reference
    __rt_locale                               - Undefined Weak Reference
    __sigvec_lookup                           - Undefined Weak Reference
    _atexit_init                              - Undefined Weak Reference
    _call_atexit_fns                          - Undefined Weak Reference
    _clock_init                               - Undefined Weak Reference
    _fp_trap_init                             - Undefined Weak Reference
    _fp_trap_shutdown                         - Undefined Weak Reference
    _get_lc_collate                           - Undefined Weak Reference
    _get_lc_ctype                             - Undefined Weak Reference
    _get_lc_monetary                          - Undefined Weak Reference
    _get_lc_numeric                           - Undefined Weak Reference
    _get_lc_time                              - Undefined Weak Reference
    _getenv_init                              - Undefined Weak Reference
    _handle_redirection                       - Undefined Weak Reference
    _init_alloc                               - Undefined Weak Reference
    _init_user_alloc                          - Undefined Weak Reference
    _initio                                   - Undefined Weak Reference
    _rand_init                                - Undefined Weak Reference
    _signal_finish                            - Undefined Weak Reference
    _signal_init                              - Undefined Weak Reference
    _terminate_alloc                          - Undefined Weak Reference
    _terminate_user_alloc                     - Undefined Weak Reference
    _terminateio                              - Undefined Weak Reference
    __Vectors_Size                           0x00000130   Number         0  startup_stm32f10x_hd.o ABSOLUTE
    __Vectors                                0x08000000   Data           4  startup_stm32f10x_hd.o(RESET)
    __Vectors_End                            0x08000130   Data           0  startup_stm32f10x_hd.o(RESET)
    __main                                   0x08000131   Thumb Code     8  __main.o(!!!main)
    __scatterload                            0x08000139   Thumb Code     0  __scatter.o(!!!scatter)
    __scatterload_rt2                        0x08000139   Thumb Code    44  __scatter.o(!!!scatter)
    __scatterload_rt2_thumb_only             0x08000139   Thumb Code     0  __scatter.o(!!!scatter)
    __scatterload_null                       0x08000147   Thumb Code     0  __scatter.o(!!!scatter)
    __scatterload_copy                       0x0800016d   Thumb Code    26  __scatter_copy.o(!!handler_copy)
    __scatterload_zeroinit                   0x08000189   Thumb Code    28  __scatter_zi.o(!!handler_zi)
    __rt_lib_init                            0x080001a5   Thumb Code     0  libinit.o(.ARM.Collect$$libinit$$00000000)
    __rt_lib_init_alloca_1                   0x080001a7   Thumb Code     0  libinit2.o(.ARM.Collect$$libinit$$0000002C)
    __rt_lib_init_argv_1                     0x080001a7   Thumb Code     0  libinit2.o(.ARM.Collect$$libinit$$0000002A)
    __rt_lib_init_atexit_1                   0x080001a7   Thumb Code     0  libinit2.o(.ARM.Collect$$libinit$$00000019)
    __rt_lib_init_clock_1                    0x080001a7   Thumb Code     0  libinit2.o(.ARM.Collect$$libinit$$0000001F)
    __rt_lib_init_cpp_1                      0x080001a7   Thumb Code     0  libinit2.o(.ARM.Collect$$libinit$$00000030)
    __rt_lib_init_exceptions_1               0x080001a7   Thumb Code     0  libinit2.o(.ARM.Collect$$libinit$$0000002E)
    __rt_lib_init_fp_1                       0x080001a7   Thumb Code     0  libinit2.o(.ARM.Collect$$libinit$$00000002)
    __rt_lib_init_fp_trap_1                  0x080001a7   Thumb Code     0  libinit2.o(.ARM.Collect$$libinit$$0000001D)
    __rt_lib_init_getenv_1                   0x080001a7   Thumb Code     0  libinit2.o(.ARM.Collect$$libinit$$00000021)
    __rt_lib_init_heap_1                     0x080001a7   Thumb Code     0  libinit2.o(.ARM.Collect$$libinit$$00000008)
    __rt_lib_init_lc_collate_1               0x080001a7   Thumb Code     0  libinit2.o(.ARM.Collect$$libinit$$0000000F)
    __rt_lib_init_lc_ctype_1                 0x080001a7   Thumb Code     0  libinit2.o(.ARM.Collect$$libinit$$00000011)
    __rt_lib_init_lc_monetary_1              0x080001a7   Thumb Code     0  libinit2.o(.ARM.Collect$$libinit$$00000013)
    __rt_lib_init_lc_numeric_1               0x080001a7   Thumb Code     0  libinit2.o(.ARM.Collect$$libinit$$00000015)
    __rt_lib_init_lc_time_1                  0x080001a7   Thumb Code     0  libinit2.o(.ARM.Collect$$libinit$$00000017)
    __rt_lib_init_rand_1                     0x080001a7   Thumb Code     0  libinit2.o(.ARM.Collect$$libinit$$0000000C)
    __rt_lib_init_return                     0x080001a7   Thumb Code     0  libinit2.o(.ARM.Collect$$libinit$$00000031)
    __rt_lib_init_signal_1                   0x080001a7   Thumb Code     0  libinit2.o(.ARM.Collect$$libinit$$0000001B)
    __rt_lib_init_stdio_1                    0x080001a7   Thumb Code     0  libinit2.o(.ARM.Collect$$libinit$$00000023)
    __rt_lib_init_user_alloc_1               0x080001a7   Thumb Code     0  libinit2.o(.ARM.Collect$$libinit$$0000000A)
    __rt_lib_shutdown                        0x080001a9   Thumb Code     0  libshutdown.o(.ARM.Collect$$libshutdown$$00000000)
    __rt_lib_shutdown_fp_trap_1              0x080001ab   Thumb Code     0  libshutdown2.o(.ARM.Collect$$libshutdown$$00000006)
    __rt_lib_shutdown_heap_1                 0x080001ab   Thumb Code     0  libshutdown2.o(.ARM.Collect$$libshutdown$$0000000E)
    __rt_lib_shutdown_return                 0x080001ab   Thumb Code     0  libshutdown2.o(.ARM.Collect$$libshutdown$$0000000F)
    __rt_lib_shutdown_signal_1               0x080001ab   Thumb Code     0  libshutdown2.o(.ARM.Collect$$libshutdown$$00000009)
    __rt_lib_shutdown_stdio_1                0x080001ab   Thumb Code     0  libshutdown2.o(.ARM.Collect$$libshutdown$$00000003)
    __rt_lib_shutdown_user_alloc_1           0x080001ab   Thumb Code     0  libshutdown2.o(.ARM.Collect$$libshutdown$$0000000B)
    __rt_entry                               0x080001ad   Thumb Code     0  rtentry.o(.ARM.Collect$$rtentry$$00000000)
    __rt_entry_presh_1                       0x080001ad   Thumb Code     0  rtentry2.o(.ARM.Collect$$rtentry$$00000002)
    __rt_entry_sh                            0x080001ad   Thumb Code     0  rtentry4.o(.ARM.Collect$$rtentry$$00000004)
    __rt_entry_li                            0x080001b3   Thumb Code     0  rtentry2.o(.ARM.Collect$$rtentry$$0000000A)
    __rt_entry_postsh_1                      0x080001b3   Thumb Code     0  rtentry2.o(.ARM.Collect$$rtentry$$00000009)
    __rt_entry_main                          0x080001b7   Thumb Code     0  rtentry2.o(.ARM.Collect$$rtentry$$0000000D)
    __rt_entry_postli_1                      0x080001b7   Thumb Code     0  rtentry2.o(.ARM.Collect$$rtentry$$0000000C)
    __rt_exit                                0x080001bf   Thumb Code     0  rtexit.o(.ARM.Collect$$rtexit$$00000000)
    __rt_exit_ls                             0x080001c1   Thumb Code     0  rtexit2.o(.ARM.Collect$$rtexit$$00000003)
    __rt_exit_prels_1                        0x080001c1   Thumb Code     0  rtexit2.o(.ARM.Collect$$rtexit$$00000002)
    __rt_exit_exit                           0x080001c5   Thumb Code     0  rtexit2.o(.ARM.Collect$$rtexit$$00000004)
    main                                     0x080001cd   Thumb Code   118  main.o(.text)
    NMI_Handler                              0x08000249   Thumb Code     2  stm32f10x_it.o(.text)
    HardFault_Handler                        0x0800024b   Thumb Code     4  stm32f10x_it.o(.text)
    MemManage_Handler                        0x0800024f   Thumb Code     4  stm32f10x_it.o(.text)
    BusFault_Handler                         0x08000253   Thumb Code     4  stm32f10x_it.o(.text)
    UsageFault_Handler                       0x08000257   Thumb Code     4  stm32f10x_it.o(.text)
    SVC_Handler                              0x0800025b   Thumb Code     2  stm32f10x_it.o(.text)
    DebugMon_Handler                         0x0800025d   Thumb Code     2  stm32f10x_it.o(.text)
    PendSV_Handler                           0x0800025f   Thumb Code     2  stm32f10x_it.o(.text)
    SysTick_Handler                          0x08000261   Thumb Code     2  stm32f10x_it.o(.text)
    SystemInit                               0x08000343   Thumb Code    78  system_stm32f10x.o(.text)
    SystemCoreClockUpdate                    0x08000391   Thumb Code   142  system_stm32f10x.o(.text)
    LED_Init                                 0x08000445   Thumb Code    50  led.o(.text)
    LED_Flash                                0x08000477   Thumb Code    54  led.o(.text)
    setLED_Flash                             0x080004ad   Thumb Code     6  led.o(.text)
    Alarm_LED_Init                           0x080004b3   Thumb Code    40  led.o(.text)
    Alarm_LED_Flash                          0x080004db   Thumb Code   364  led.o(.text)
    USART3_Init                              0x08000671   Thumb Code   158  usart.o(.text)
    USART3_Send_Byte                         0x0800070f   Thumb Code    28  usart.o(.text)
    USART3_Send_String                       0x0800072b   Thumb Code    22  usart.o(.text)
    USART3_IRQHandler                        0x08000741   Thumb Code    42  usart.o(.text)
    UART4_Init                               0x0800076b   Thumb Code   158  usart.o(.text)
    UART4_Send_Byte                          0x08000809   Thumb Code    28  usart.o(.text)
    UART4_Send_String                        0x08000825   Thumb Code    22  usart.o(.text)
    UART4_IRQHandler                         0x0800083b   Thumb Code   200  usart.o(.text)
    UART5_Init                               0x08000903   Thumb Code   154  usart.o(.text)
    UART5_Send_Byte                          0x0800099d   Thumb Code    28  usart.o(.text)
    UART5_Send_Data                          0x080009b9   Thumb Code    30  usart.o(.text)
    UART5_Send_String                        0x080009d7   Thumb Code    22  usart.o(.text)
    UART5_IRQHandler                         0x080009ed   Thumb Code   284  usart.o(.text)
    USART4_Data_Transmit                     0x08000b09   Thumb Code    16  usart.o(.text)
    USART5_Data_Transmit                     0x08000b19   Thumb Code    30  usart.o(.text)
    CalculateCheckSum                        0x08000b37   Thumb Code    36  usart.o(.text)
    WT588D_Init                              0x08000b6d   Thumb Code    66  wt588d.o(.text)
    WTW_Send                                 0x08000baf   Thumb Code   128  wt588d.o(.text)
    High_Alarm                               0x08000c2f   Thumb Code    22  wt588d.o(.text)
    Medium_Alarm                             0x08000c45   Thumb Code    22  wt588d.o(.text)
    Low_Alarm                                0x08000c5b   Thumb Code    22  wt588d.o(.text)
    Silence_Alarm                            0x08000c71   Thumb Code    16  wt588d.o(.text)
    Volume_Change                            0x08000c81   Thumb Code    24  wt588d.o(.text)
    Alarm_voice_Select                       0x08000c99   Thumb Code    96  wt588d.o(.text)
    TIM3_Int_Init                            0x08000d0d   Thumb Code    90  timer.o(.text)
    TIM3_IRQHandler                          0x08000d67   Thumb Code   162  timer.o(.text)
    readAdcValue                             0x08000e21   Thumb Code    46  adc.o(.text)
    adc1_polling_init                        0x08000e4f   Thumb Code   126  adc.o(.text)
    DMA1_Channel1_IRQHandler                 0x08000ecd   Thumb Code    38  adc.o(.text)
    adc1_dma_interrupt_init                  0x08000ef3   Thumb Code   258  adc.o(.text)
    ADC1_2_IRQHandler                        0x08000ff5   Thumb Code    42  adc.o(.text)
    adc1_interrupt_init                      0x0800101f   Thumb Code   176  adc.o(.text)
    DataFilterHandle                         0x080010cf   Thumb Code    80  adc.o(.text)
    getBatteryValue                          0x0800111f   Thumb Code    12  adc.o(.text)
    Rotary_Encoder_Init                      0x08001145   Thumb Code    62  encoder.o(.text)
    EXTI0_IRQHandler                         0x08001183   Thumb Code   100  encoder.o(.text)
    Get_DL_Status1                           0x080011e7   Thumb Code    24  encoder.o(.text)
    Get_DL_Status                            0x080011ff   Thumb Code   102  encoder.o(.text)
    Check_DL                                 0x08001265   Thumb Code   172  encoder.o(.text)
    CH452_I2c_Stop_2                         0x08001349   Thumb Code    62  ch452.o(.text)
    CH452_I2c_WrByte                         0x08001387   Thumb Code   146  ch452.o(.text)
    CH452_I2c_Start_2                        0x08001419   Thumb Code    68  ch452.o(.text)
    CH452_Write                              0x0800145d   Thumb Code    34  ch452.o(.text)
    CH452_Init                               0x0800147f   Thumb Code   100  ch452.o(.text)
    CH452_I2c_RdByte                         0x080014e3   Thumb Code    90  ch452.o(.text)
    CH452_Read                               0x0800153d   Thumb Code    26  ch452.o(.text)
    KEY_Scan                                 0x08001557   Thumb Code    36  ch452.o(.text)
    Key_Scan_CH452                           0x0800157b   Thumb Code    90  ch452.o(.text)
    KeyValue_handle                          0x080015f9   Thumb Code    10  datahandle.o(.text)
    GetBatteryVolume                         0x08001603   Thumb Code    98  datahandle.o(.text)
    getBatteryStatus                         0x08001665   Thumb Code    82  datahandle.o(.text)
    getPowerInfo                             0x080016b7   Thumb Code    92  datahandle.o(.text)
    PowerStatus_handle                       0x08001713   Thumb Code     8  datahandle.o(.text)
    FIO2_handle                              0x0800171b   Thumb Code    10  datahandle.o(.text)
    Calibration_ID_handle                    0x08001725   Thumb Code     8  datahandle.o(.text)
    Inquire_TXD_Handler                      0x0800172d   Thumb Code  1848  datahandle.o(.text)
    Check_SPO2_ModuleExist                   0x08001e65   Thumb Code    58  datahandle.o(.text)
    Check_IRAM_ModuleExist                   0x08001e9f   Thumb Code    90  datahandle.o(.text)
    System_Task_Handler                      0x08001ef9   Thumb Code   486  datahandle.o(.text)
    Uart4_RecvDataProcess                    0x080020df   Thumb Code   144  datahandle.o(.text)
    Uart5_ReceiveCommandProcess              0x0800216f   Thumb Code   160  datahandle.o(.text)
    kmSelfTest                               0x0800220f   Thumb Code    48  datahandle.o(.text)
    USART1_Init                              0x08002299   Thumb Code   158  iram.o(.text)
    USART1_Send_Byte                         0x08002337   Thumb Code    44  iram.o(.text)
    USART1_Send_String                       0x08002363   Thumb Code    22  iram.o(.text)
    IRAM_DataDecode                          0x08002379   Thumb Code    96  iram.o(.text)
    USART1_IRQHandler                        0x080023d9   Thumb Code   496  iram.o(.text)
    IRAM_Send_Data_Transmit                  0x080025c9   Thumb Code    56  iram.o(.text)
    USART2_Init                              0x08002639   Thumb Code   174  spo2.o(.text)
    USART2_Send_Byte                         0x080026e7   Thumb Code    28  spo2.o(.text)
    USART2_Send_String                       0x08002703   Thumb Code    22  spo2.o(.text)
    SPO2_DataHandle                          0x08002719   Thumb Code   146  spo2.o(.text)
    USART2_IRQHandler                        0x080027ab   Thumb Code   130  spo2.o(.text)
    delay_init                               0x08002849   Thumb Code    50  delay.o(.text)
    delay_us                                 0x0800287b   Thumb Code    72  delay.o(.text)
    delay_ms                                 0x080028c3   Thumb Code    72  delay.o(.text)
    Gpio_Init                                0x0800291d   Thumb Code    40  sys.o(.text)
    NVIC_Configuration                       0x08002945   Thumb Code    12  sys.o(.text)
    CheckAcStatus                            0x08002951   Thumb Code    12  sys.o(.text)
    CheckChargeStatus                        0x0800295d   Thumb Code    16  sys.o(.text)
    getPowerStatus                           0x0800296d   Thumb Code    80  sys.o(.text)
    Reset_Handler                            0x080029d9   Thumb Code     8  startup_stm32f10x_hd.o(.text)
    ADC3_IRQHandler                          0x080029f3   Thumb Code     0  startup_stm32f10x_hd.o(.text)
    CAN1_RX1_IRQHandler                      0x080029f3   Thumb Code     0  startup_stm32f10x_hd.o(.text)
    CAN1_SCE_IRQHandler                      0x080029f3   Thumb Code     0  startup_stm32f10x_hd.o(.text)
    DMA1_Channel2_IRQHandler                 0x080029f3   Thumb Code     0  startup_stm32f10x_hd.o(.text)
    DMA1_Channel3_IRQHandler                 0x080029f3   Thumb Code     0  startup_stm32f10x_hd.o(.text)
    DMA1_Channel4_IRQHandler                 0x080029f3   Thumb Code     0  startup_stm32f10x_hd.o(.text)
    DMA1_Channel5_IRQHandler                 0x080029f3   Thumb Code     0  startup_stm32f10x_hd.o(.text)
    DMA1_Channel6_IRQHandler                 0x080029f3   Thumb Code     0  startup_stm32f10x_hd.o(.text)
    DMA1_Channel7_IRQHandler                 0x080029f3   Thumb Code     0  startup_stm32f10x_hd.o(.text)
    DMA2_Channel1_IRQHandler                 0x080029f3   Thumb Code     0  startup_stm32f10x_hd.o(.text)
    DMA2_Channel2_IRQHandler                 0x080029f3   Thumb Code     0  startup_stm32f10x_hd.o(.text)
    DMA2_Channel3_IRQHandler                 0x080029f3   Thumb Code     0  startup_stm32f10x_hd.o(.text)
    DMA2_Channel4_5_IRQHandler               0x080029f3   Thumb Code     0  startup_stm32f10x_hd.o(.text)
    EXTI15_10_IRQHandler                     0x080029f3   Thumb Code     0  startup_stm32f10x_hd.o(.text)
    EXTI1_IRQHandler                         0x080029f3   Thumb Code     0  startup_stm32f10x_hd.o(.text)
    EXTI2_IRQHandler                         0x080029f3   Thumb Code     0  startup_stm32f10x_hd.o(.text)
    EXTI3_IRQHandler                         0x080029f3   Thumb Code     0  startup_stm32f10x_hd.o(.text)
    EXTI4_IRQHandler                         0x080029f3   Thumb Code     0  startup_stm32f10x_hd.o(.text)
    EXTI9_5_IRQHandler                       0x080029f3   Thumb Code     0  startup_stm32f10x_hd.o(.text)
    FLASH_IRQHandler                         0x080029f3   Thumb Code     0  startup_stm32f10x_hd.o(.text)
    FSMC_IRQHandler                          0x080029f3   Thumb Code     0  startup_stm32f10x_hd.o(.text)
    I2C1_ER_IRQHandler                       0x080029f3   Thumb Code     0  startup_stm32f10x_hd.o(.text)
    I2C1_EV_IRQHandler                       0x080029f3   Thumb Code     0  startup_stm32f10x_hd.o(.text)
    I2C2_ER_IRQHandler                       0x080029f3   Thumb Code     0  startup_stm32f10x_hd.o(.text)
    I2C2_EV_IRQHandler                       0x080029f3   Thumb Code     0  startup_stm32f10x_hd.o(.text)
    PVD_IRQHandler                           0x080029f3   Thumb Code     0  startup_stm32f10x_hd.o(.text)
    RCC_IRQHandler                           0x080029f3   Thumb Code     0  startup_stm32f10x_hd.o(.text)
    RTCAlarm_IRQHandler                      0x080029f3   Thumb Code     0  startup_stm32f10x_hd.o(.text)
    RTC_IRQHandler                           0x080029f3   Thumb Code     0  startup_stm32f10x_hd.o(.text)
    SDIO_IRQHandler                          0x080029f3   Thumb Code     0  startup_stm32f10x_hd.o(.text)
    SPI1_IRQHandler                          0x080029f3   Thumb Code     0  startup_stm32f10x_hd.o(.text)
    SPI2_IRQHandler                          0x080029f3   Thumb Code     0  startup_stm32f10x_hd.o(.text)
    SPI3_IRQHandler                          0x080029f3   Thumb Code     0  startup_stm32f10x_hd.o(.text)
    TAMPER_IRQHandler                        0x080029f3   Thumb Code     0  startup_stm32f10x_hd.o(.text)
    TIM1_BRK_IRQHandler                      0x080029f3   Thumb Code     0  startup_stm32f10x_hd.o(.text)
    TIM1_CC_IRQHandler                       0x080029f3   Thumb Code     0  startup_stm32f10x_hd.o(.text)
    TIM1_TRG_COM_IRQHandler                  0x080029f3   Thumb Code     0  startup_stm32f10x_hd.o(.text)
    TIM1_UP_IRQHandler                       0x080029f3   Thumb Code     0  startup_stm32f10x_hd.o(.text)
    TIM2_IRQHandler                          0x080029f3   Thumb Code     0  startup_stm32f10x_hd.o(.text)
    TIM4_IRQHandler                          0x080029f3   Thumb Code     0  startup_stm32f10x_hd.o(.text)
    TIM5_IRQHandler                          0x080029f3   Thumb Code     0  startup_stm32f10x_hd.o(.text)
    TIM6_IRQHandler                          0x080029f3   Thumb Code     0  startup_stm32f10x_hd.o(.text)
    TIM7_IRQHandler                          0x080029f3   Thumb Code     0  startup_stm32f10x_hd.o(.text)
    TIM8_BRK_IRQHandler                      0x080029f3   Thumb Code     0  startup_stm32f10x_hd.o(.text)
    TIM8_CC_IRQHandler                       0x080029f3   Thumb Code     0  startup_stm32f10x_hd.o(.text)
    TIM8_TRG_COM_IRQHandler                  0x080029f3   Thumb Code     0  startup_stm32f10x_hd.o(.text)
    TIM8_UP_IRQHandler                       0x080029f3   Thumb Code     0  startup_stm32f10x_hd.o(.text)
    USBWakeUp_IRQHandler                     0x080029f3   Thumb Code     0  startup_stm32f10x_hd.o(.text)
    USB_HP_CAN1_TX_IRQHandler                0x080029f3   Thumb Code     0  startup_stm32f10x_hd.o(.text)
    USB_LP_CAN1_RX0_IRQHandler               0x080029f3   Thumb Code     0  startup_stm32f10x_hd.o(.text)
    WWDG_IRQHandler                          0x080029f3   Thumb Code     0  startup_stm32f10x_hd.o(.text)
    __user_initial_stackheap                 0x080029f5   Thumb Code     0  startup_stm32f10x_hd.o(.text)
    GPIO_DeInit                              0x08002a19   Thumb Code   172  stm32f10x_gpio.o(.text)
    GPIO_AFIODeInit                          0x08002ac5   Thumb Code    20  stm32f10x_gpio.o(.text)
    GPIO_Init                                0x08002ad9   Thumb Code   278  stm32f10x_gpio.o(.text)
    GPIO_StructInit                          0x08002bef   Thumb Code    16  stm32f10x_gpio.o(.text)
    GPIO_ReadInputDataBit                    0x08002bff   Thumb Code    18  stm32f10x_gpio.o(.text)
    GPIO_ReadInputData                       0x08002c11   Thumb Code     8  stm32f10x_gpio.o(.text)
    GPIO_ReadOutputDataBit                   0x08002c19   Thumb Code    18  stm32f10x_gpio.o(.text)
    GPIO_ReadOutputData                      0x08002c2b   Thumb Code     8  stm32f10x_gpio.o(.text)
    GPIO_SetBits                             0x08002c33   Thumb Code     4  stm32f10x_gpio.o(.text)
    GPIO_ResetBits                           0x08002c37   Thumb Code     4  stm32f10x_gpio.o(.text)
    GPIO_WriteBit                            0x08002c3b   Thumb Code    10  stm32f10x_gpio.o(.text)
    GPIO_Write                               0x08002c45   Thumb Code     4  stm32f10x_gpio.o(.text)
    GPIO_PinLockConfig                       0x08002c49   Thumb Code    18  stm32f10x_gpio.o(.text)
    GPIO_EventOutputConfig                   0x08002c5b   Thumb Code    26  stm32f10x_gpio.o(.text)
    GPIO_EventOutputCmd                      0x08002c75   Thumb Code     6  stm32f10x_gpio.o(.text)
    GPIO_PinRemapConfig                      0x08002c7b   Thumb Code   138  stm32f10x_gpio.o(.text)
    GPIO_EXTILineConfig                      0x08002d05   Thumb Code    66  stm32f10x_gpio.o(.text)
    GPIO_ETH_MediaInterfaceConfig            0x08002d47   Thumb Code     8  stm32f10x_gpio.o(.text)
    RCC_DeInit                               0x08002d75   Thumb Code    64  stm32f10x_rcc.o(.text)
    RCC_HSEConfig                            0x08002db5   Thumb Code    70  stm32f10x_rcc.o(.text)
    RCC_GetFlagStatus                        0x08002dfb   Thumb Code    56  stm32f10x_rcc.o(.text)
    RCC_WaitForHSEStartUp                    0x08002e33   Thumb Code    56  stm32f10x_rcc.o(.text)
    RCC_AdjustHSICalibrationValue            0x08002e6b   Thumb Code    20  stm32f10x_rcc.o(.text)
    RCC_HSICmd                               0x08002e7f   Thumb Code     6  stm32f10x_rcc.o(.text)
    RCC_PLLConfig                            0x08002e85   Thumb Code    24  stm32f10x_rcc.o(.text)
    RCC_PLLCmd                               0x08002e9d   Thumb Code     6  stm32f10x_rcc.o(.text)
    RCC_SYSCLKConfig                         0x08002ea3   Thumb Code    18  stm32f10x_rcc.o(.text)
    RCC_GetSYSCLKSource                      0x08002eb5   Thumb Code    10  stm32f10x_rcc.o(.text)
    RCC_HCLKConfig                           0x08002ebf   Thumb Code    18  stm32f10x_rcc.o(.text)
    RCC_PCLK1Config                          0x08002ed1   Thumb Code    18  stm32f10x_rcc.o(.text)
    RCC_PCLK2Config                          0x08002ee3   Thumb Code    20  stm32f10x_rcc.o(.text)
    RCC_ITConfig                             0x08002ef7   Thumb Code    26  stm32f10x_rcc.o(.text)
    RCC_USBCLKConfig                         0x08002f11   Thumb Code     8  stm32f10x_rcc.o(.text)
    RCC_ADCCLKConfig                         0x08002f19   Thumb Code    18  stm32f10x_rcc.o(.text)
    RCC_LSEConfig                            0x08002f2b   Thumb Code    50  stm32f10x_rcc.o(.text)
    RCC_LSICmd                               0x08002f5d   Thumb Code     6  stm32f10x_rcc.o(.text)
    RCC_RTCCLKConfig                         0x08002f63   Thumb Code    12  stm32f10x_rcc.o(.text)
    RCC_RTCCLKCmd                            0x08002f6f   Thumb Code     8  stm32f10x_rcc.o(.text)
    RCC_GetClocksFreq                        0x08002f77   Thumb Code   192  stm32f10x_rcc.o(.text)
    RCC_AHBPeriphClockCmd                    0x08003037   Thumb Code    26  stm32f10x_rcc.o(.text)
    RCC_APB2PeriphClockCmd                   0x08003051   Thumb Code    26  stm32f10x_rcc.o(.text)
    RCC_APB1PeriphClockCmd                   0x0800306b   Thumb Code    26  stm32f10x_rcc.o(.text)
    RCC_APB2PeriphResetCmd                   0x08003085   Thumb Code    26  stm32f10x_rcc.o(.text)
    RCC_APB1PeriphResetCmd                   0x0800309f   Thumb Code    26  stm32f10x_rcc.o(.text)
    RCC_BackupResetCmd                       0x080030b9   Thumb Code     8  stm32f10x_rcc.o(.text)
    RCC_ClockSecuritySystemCmd               0x080030c1   Thumb Code     6  stm32f10x_rcc.o(.text)
    RCC_MCOConfig                            0x080030c7   Thumb Code     6  stm32f10x_rcc.o(.text)
    RCC_ClearFlag                            0x080030cd   Thumb Code    14  stm32f10x_rcc.o(.text)
    RCC_GetITStatus                          0x080030db   Thumb Code    20  stm32f10x_rcc.o(.text)
    RCC_ClearITPendingBit                    0x080030ef   Thumb Code     6  stm32f10x_rcc.o(.text)
    NVIC_PriorityGroupConfig                 0x08003119   Thumb Code    10  misc.o(.text)
    NVIC_Init                                0x08003123   Thumb Code   100  misc.o(.text)
    NVIC_SetVectorTable                      0x08003187   Thumb Code    14  misc.o(.text)
    NVIC_SystemLPConfig                      0x08003195   Thumb Code    34  misc.o(.text)
    SysTick_CLKSourceConfig                  0x080031b7   Thumb Code    40  misc.o(.text)
    USART_DeInit                             0x080031f5   Thumb Code   134  stm32f10x_usart.o(.text)
    USART_Init                               0x0800327b   Thumb Code   210  stm32f10x_usart.o(.text)
    USART_StructInit                         0x0800334d   Thumb Code    24  stm32f10x_usart.o(.text)
    USART_ClockInit                          0x08003365   Thumb Code    34  stm32f10x_usart.o(.text)
    USART_ClockStructInit                    0x08003387   Thumb Code    12  stm32f10x_usart.o(.text)
    USART_Cmd                                0x08003393   Thumb Code    24  stm32f10x_usart.o(.text)
    USART_ITConfig                           0x080033ab   Thumb Code    74  stm32f10x_usart.o(.text)
    USART_DMACmd                             0x080033f5   Thumb Code    18  stm32f10x_usart.o(.text)
    USART_SetAddress                         0x08003407   Thumb Code    18  stm32f10x_usart.o(.text)
    USART_WakeUpConfig                       0x08003419   Thumb Code    18  stm32f10x_usart.o(.text)
    USART_ReceiverWakeUpCmd                  0x0800342b   Thumb Code    24  stm32f10x_usart.o(.text)
    USART_LINBreakDetectLengthConfig         0x08003443   Thumb Code    18  stm32f10x_usart.o(.text)
    USART_LINCmd                             0x08003455   Thumb Code    24  stm32f10x_usart.o(.text)
    USART_SendData                           0x0800346d   Thumb Code     8  stm32f10x_usart.o(.text)
    USART_ReceiveData                        0x08003475   Thumb Code    10  stm32f10x_usart.o(.text)
    USART_SendBreak                          0x0800347f   Thumb Code    10  stm32f10x_usart.o(.text)
    USART_SetGuardTime                       0x08003489   Thumb Code    16  stm32f10x_usart.o(.text)
    USART_SetPrescaler                       0x08003499   Thumb Code    16  stm32f10x_usart.o(.text)
    USART_SmartCardCmd                       0x080034a9   Thumb Code    24  stm32f10x_usart.o(.text)
    USART_SmartCardNACKCmd                   0x080034c1   Thumb Code    24  stm32f10x_usart.o(.text)
    USART_HalfDuplexCmd                      0x080034d9   Thumb Code    24  stm32f10x_usart.o(.text)
    USART_OverSampling8Cmd                   0x080034f1   Thumb Code    22  stm32f10x_usart.o(.text)
    USART_OneBitMethodCmd                    0x08003507   Thumb Code    24  stm32f10x_usart.o(.text)
    USART_IrDAConfig                         0x0800351f   Thumb Code    18  stm32f10x_usart.o(.text)
    USART_IrDACmd                            0x08003531   Thumb Code    24  stm32f10x_usart.o(.text)
    USART_GetFlagStatus                      0x08003549   Thumb Code    26  stm32f10x_usart.o(.text)
    USART_ClearFlag                          0x08003563   Thumb Code    18  stm32f10x_usart.o(.text)
    USART_GetITStatus                        0x08003575   Thumb Code    84  stm32f10x_usart.o(.text)
    USART_ClearITPendingBit                  0x080035c9   Thumb Code    52  stm32f10x_usart.o(.text)
    TIM_DeInit                               0x080035fd   Thumb Code   424  stm32f10x_tim.o(.text)
    TIM_TimeBaseInit                         0x080037a5   Thumb Code   122  stm32f10x_tim.o(.text)
    TIM_OC1Init                              0x0800381f   Thumb Code   132  stm32f10x_tim.o(.text)
    TIM_OC2Init                              0x080038a3   Thumb Code   154  stm32f10x_tim.o(.text)
    TIM_OC3Init                              0x0800393d   Thumb Code   150  stm32f10x_tim.o(.text)
    TIM_OC4Init                              0x080039d3   Thumb Code   182  stm32f10x_tim.o(.text)
    TIM_SetIC4Prescaler                      0x08003a89   Thumb Code    26  stm32f10x_tim.o(.text)
    TIM_SetIC3Prescaler                      0x08003b25   Thumb Code    18  stm32f10x_tim.o(.text)
    TIM_SetIC2Prescaler                      0x08003bb1   Thumb Code    26  stm32f10x_tim.o(.text)
    TIM_SetIC1Prescaler                      0x08003c4d   Thumb Code    18  stm32f10x_tim.o(.text)
    TIM_ICInit                               0x08003ccb   Thumb Code   150  stm32f10x_tim.o(.text)
    TIM_PWMIConfig                           0x08003d61   Thumb Code   124  stm32f10x_tim.o(.text)
    TIM_BDTRConfig                           0x08003ddd   Thumb Code    32  stm32f10x_tim.o(.text)
    TIM_TimeBaseStructInit                   0x08003dfd   Thumb Code    18  stm32f10x_tim.o(.text)
    TIM_OCStructInit                         0x08003e0f   Thumb Code    20  stm32f10x_tim.o(.text)
    TIM_ICStructInit                         0x08003e23   Thumb Code    18  stm32f10x_tim.o(.text)
    TIM_BDTRStructInit                       0x08003e35   Thumb Code    40  stm32f10x_tim.o(.text)
    TIM_Cmd                                  0x08003e5d   Thumb Code    24  stm32f10x_tim.o(.text)
    TIM_CtrlPWMOutputs                       0x08003e75   Thumb Code    30  stm32f10x_tim.o(.text)
    TIM_ITConfig                             0x08003e93   Thumb Code    18  stm32f10x_tim.o(.text)
    TIM_GenerateEvent                        0x08003ea5   Thumb Code     4  stm32f10x_tim.o(.text)
    TIM_DMAConfig                            0x08003ea9   Thumb Code    10  stm32f10x_tim.o(.text)
    TIM_DMACmd                               0x08003eb3   Thumb Code    18  stm32f10x_tim.o(.text)
    TIM_InternalClockConfig                  0x08003ec5   Thumb Code    12  stm32f10x_tim.o(.text)
    TIM_SelectInputTrigger                   0x08003ed1   Thumb Code    18  stm32f10x_tim.o(.text)
    TIM_ITRxExternalClockConfig              0x08003ee3   Thumb Code    24  stm32f10x_tim.o(.text)
    TIM_TIxExternalClockConfig               0x08003efb   Thumb Code    62  stm32f10x_tim.o(.text)
    TIM_ETRConfig                            0x08003f39   Thumb Code    28  stm32f10x_tim.o(.text)
    TIM_ETRClockMode1Config                  0x08003f55   Thumb Code    54  stm32f10x_tim.o(.text)
    TIM_ETRClockMode2Config                  0x08003f8b   Thumb Code    32  stm32f10x_tim.o(.text)
    TIM_PrescalerConfig                      0x08003fab   Thumb Code     6  stm32f10x_tim.o(.text)
    TIM_CounterModeConfig                    0x08003fb1   Thumb Code    18  stm32f10x_tim.o(.text)
    TIM_EncoderInterfaceConfig               0x08003fc3   Thumb Code    66  stm32f10x_tim.o(.text)
    TIM_ForcedOC1Config                      0x08004005   Thumb Code    18  stm32f10x_tim.o(.text)
    TIM_ForcedOC2Config                      0x08004017   Thumb Code    26  stm32f10x_tim.o(.text)
    TIM_ForcedOC3Config                      0x08004031   Thumb Code    18  stm32f10x_tim.o(.text)
    TIM_ForcedOC4Config                      0x08004043   Thumb Code    26  stm32f10x_tim.o(.text)
    TIM_ARRPreloadConfig                     0x0800405d   Thumb Code    24  stm32f10x_tim.o(.text)
    TIM_SelectCOM                            0x08004075   Thumb Code    24  stm32f10x_tim.o(.text)
    TIM_SelectCCDMA                          0x0800408d   Thumb Code    24  stm32f10x_tim.o(.text)
    TIM_CCPreloadControl                     0x080040a5   Thumb Code    24  stm32f10x_tim.o(.text)
    TIM_OC1PreloadConfig                     0x080040bd   Thumb Code    18  stm32f10x_tim.o(.text)
    TIM_OC2PreloadConfig                     0x080040cf   Thumb Code    26  stm32f10x_tim.o(.text)
    TIM_OC3PreloadConfig                     0x080040e9   Thumb Code    18  stm32f10x_tim.o(.text)
    TIM_OC4PreloadConfig                     0x080040fb   Thumb Code    26  stm32f10x_tim.o(.text)
    TIM_OC1FastConfig                        0x08004115   Thumb Code    18  stm32f10x_tim.o(.text)
    TIM_OC2FastConfig                        0x08004127   Thumb Code    26  stm32f10x_tim.o(.text)
    TIM_OC3FastConfig                        0x08004141   Thumb Code    18  stm32f10x_tim.o(.text)
    TIM_OC4FastConfig                        0x08004153   Thumb Code    26  stm32f10x_tim.o(.text)
    TIM_ClearOC1Ref                          0x0800416d   Thumb Code    18  stm32f10x_tim.o(.text)
    TIM_ClearOC2Ref                          0x0800417f   Thumb Code    24  stm32f10x_tim.o(.text)
    TIM_ClearOC3Ref                          0x08004197   Thumb Code    18  stm32f10x_tim.o(.text)
    TIM_ClearOC4Ref                          0x080041a9   Thumb Code    24  stm32f10x_tim.o(.text)
    TIM_OC1PolarityConfig                    0x080041c1   Thumb Code    18  stm32f10x_tim.o(.text)
    TIM_OC1NPolarityConfig                   0x080041d3   Thumb Code    18  stm32f10x_tim.o(.text)
    TIM_OC2PolarityConfig                    0x080041e5   Thumb Code    26  stm32f10x_tim.o(.text)
    TIM_OC2NPolarityConfig                   0x080041ff   Thumb Code    26  stm32f10x_tim.o(.text)
    TIM_OC3PolarityConfig                    0x08004219   Thumb Code    26  stm32f10x_tim.o(.text)
    TIM_OC3NPolarityConfig                   0x08004233   Thumb Code    26  stm32f10x_tim.o(.text)
    TIM_OC4PolarityConfig                    0x0800424d   Thumb Code    26  stm32f10x_tim.o(.text)
    TIM_CCxCmd                               0x08004267   Thumb Code    30  stm32f10x_tim.o(.text)
    TIM_CCxNCmd                              0x08004285   Thumb Code    30  stm32f10x_tim.o(.text)
    TIM_SelectOCxM                           0x080042a3   Thumb Code    82  stm32f10x_tim.o(.text)
    TIM_UpdateDisableConfig                  0x080042f5   Thumb Code    24  stm32f10x_tim.o(.text)
    TIM_UpdateRequestConfig                  0x0800430d   Thumb Code    24  stm32f10x_tim.o(.text)
    TIM_SelectHallSensor                     0x08004325   Thumb Code    24  stm32f10x_tim.o(.text)
    TIM_SelectOnePulseMode                   0x0800433d   Thumb Code    18  stm32f10x_tim.o(.text)
    TIM_SelectOutputTrigger                  0x0800434f   Thumb Code    18  stm32f10x_tim.o(.text)
    TIM_SelectSlaveMode                      0x08004361   Thumb Code    18  stm32f10x_tim.o(.text)
    TIM_SelectMasterSlaveMode                0x08004373   Thumb Code    18  stm32f10x_tim.o(.text)
    TIM_SetCounter                           0x08004385   Thumb Code     4  stm32f10x_tim.o(.text)
    TIM_SetAutoreload                        0x08004389   Thumb Code     4  stm32f10x_tim.o(.text)
    TIM_SetCompare1                          0x0800438d   Thumb Code     4  stm32f10x_tim.o(.text)
    TIM_SetCompare2                          0x08004391   Thumb Code     4  stm32f10x_tim.o(.text)
    TIM_SetCompare3                          0x08004395   Thumb Code     4  stm32f10x_tim.o(.text)
    TIM_SetCompare4                          0x08004399   Thumb Code     6  stm32f10x_tim.o(.text)
    TIM_SetClockDivision                     0x0800439f   Thumb Code    18  stm32f10x_tim.o(.text)
    TIM_GetCapture1                          0x080043b1   Thumb Code     6  stm32f10x_tim.o(.text)
    TIM_GetCapture2                          0x080043b7   Thumb Code     6  stm32f10x_tim.o(.text)
    TIM_GetCapture3                          0x080043bd   Thumb Code     6  stm32f10x_tim.o(.text)
    TIM_GetCapture4                          0x080043c3   Thumb Code     8  stm32f10x_tim.o(.text)
    TIM_GetCounter                           0x080043cb   Thumb Code     6  stm32f10x_tim.o(.text)
    TIM_GetPrescaler                         0x080043d1   Thumb Code     6  stm32f10x_tim.o(.text)
    TIM_GetFlagStatus                        0x080043d7   Thumb Code    18  stm32f10x_tim.o(.text)
    TIM_ClearFlag                            0x080043e9   Thumb Code     6  stm32f10x_tim.o(.text)
    TIM_GetITStatus                          0x080043ef   Thumb Code    34  stm32f10x_tim.o(.text)
    TIM_ClearITPendingBit                    0x08004411   Thumb Code     6  stm32f10x_tim.o(.text)
    ADC_DeInit                               0x08004419   Thumb Code    78  stm32f10x_adc.o(.text)
    ADC_Init                                 0x08004467   Thumb Code    70  stm32f10x_adc.o(.text)
    ADC_StructInit                           0x080044ad   Thumb Code    18  stm32f10x_adc.o(.text)
    ADC_Cmd                                  0x080044bf   Thumb Code    22  stm32f10x_adc.o(.text)
    ADC_DMACmd                               0x080044d5   Thumb Code    22  stm32f10x_adc.o(.text)
    ADC_ITConfig                             0x080044eb   Thumb Code    24  stm32f10x_adc.o(.text)
    ADC_ResetCalibration                     0x08004503   Thumb Code    10  stm32f10x_adc.o(.text)
    ADC_GetResetCalibrationStatus            0x0800450d   Thumb Code    20  stm32f10x_adc.o(.text)
    ADC_StartCalibration                     0x08004521   Thumb Code    10  stm32f10x_adc.o(.text)
    ADC_GetCalibrationStatus                 0x0800452b   Thumb Code    20  stm32f10x_adc.o(.text)
    ADC_SoftwareStartConvCmd                 0x0800453f   Thumb Code    22  stm32f10x_adc.o(.text)
    ADC_GetSoftwareStartConvStatus           0x08004555   Thumb Code    20  stm32f10x_adc.o(.text)
    ADC_DiscModeChannelCountConfig           0x08004569   Thumb Code    24  stm32f10x_adc.o(.text)
    ADC_DiscModeCmd                          0x08004581   Thumb Code    22  stm32f10x_adc.o(.text)
    ADC_RegularChannelConfig                 0x08004597   Thumb Code   184  stm32f10x_adc.o(.text)
    ADC_ExternalTrigConvCmd                  0x0800464f   Thumb Code    22  stm32f10x_adc.o(.text)
    ADC_GetConversionValue                   0x08004665   Thumb Code     8  stm32f10x_adc.o(.text)
    ADC_GetDualModeConversionValue           0x0800466d   Thumb Code     8  stm32f10x_adc.o(.text)
    ADC_AutoInjectedConvCmd                  0x08004675   Thumb Code    22  stm32f10x_adc.o(.text)
    ADC_InjectedDiscModeCmd                  0x0800468b   Thumb Code    22  stm32f10x_adc.o(.text)
    ADC_ExternalTrigInjectedConvConfig       0x080046a1   Thumb Code    16  stm32f10x_adc.o(.text)
    ADC_ExternalTrigInjectedConvCmd          0x080046b1   Thumb Code    22  stm32f10x_adc.o(.text)
    ADC_SoftwareStartInjectedConvCmd         0x080046c7   Thumb Code    22  stm32f10x_adc.o(.text)
    ADC_GetSoftwareStartInjectedConvCmdStatus 0x080046dd   Thumb Code    20  stm32f10x_adc.o(.text)
    ADC_InjectedChannelConfig                0x080046f1   Thumb Code   130  stm32f10x_adc.o(.text)
    ADC_InjectedSequencerLengthConfig        0x08004773   Thumb Code    24  stm32f10x_adc.o(.text)
    ADC_SetInjectedOffset                    0x0800478b   Thumb Code    20  stm32f10x_adc.o(.text)
    ADC_GetInjectedConversionValue           0x0800479f   Thumb Code    28  stm32f10x_adc.o(.text)
    ADC_AnalogWatchdogCmd                    0x080047bb   Thumb Code    16  stm32f10x_adc.o(.text)
    ADC_AnalogWatchdogThresholdsConfig       0x080047cb   Thumb Code     6  stm32f10x_adc.o(.text)
    ADC_AnalogWatchdogSingleChannelConfig    0x080047d1   Thumb Code    16  stm32f10x_adc.o(.text)
    ADC_TempSensorVrefintCmd                 0x080047e1   Thumb Code    64  stm32f10x_adc.o(.text)
    ADC_GetFlagStatus                        0x08004821   Thumb Code    18  stm32f10x_adc.o(.text)
    ADC_ClearFlag                            0x08004833   Thumb Code     6  stm32f10x_adc.o(.text)
    ADC_GetITStatus                          0x08004839   Thumb Code    36  stm32f10x_adc.o(.text)
    ADC_ClearITPendingBit                    0x0800485d   Thumb Code    10  stm32f10x_adc.o(.text)
    DMA_DeInit                               0x08004869   Thumb Code   324  stm32f10x_dma.o(.text)
    DMA_Init                                 0x080049ad   Thumb Code    60  stm32f10x_dma.o(.text)
    DMA_StructInit                           0x080049e9   Thumb Code    26  stm32f10x_dma.o(.text)
    DMA_Cmd                                  0x08004a03   Thumb Code    24  stm32f10x_dma.o(.text)
    DMA_ITConfig                             0x08004a1b   Thumb Code    18  stm32f10x_dma.o(.text)
    DMA_SetCurrDataCounter                   0x08004a2d   Thumb Code     4  stm32f10x_dma.o(.text)
    DMA_GetCurrDataCounter                   0x08004a31   Thumb Code     8  stm32f10x_dma.o(.text)
    DMA_GetFlagStatus                        0x08004a39   Thumb Code    40  stm32f10x_dma.o(.text)
    DMA_ClearFlag                            0x08004a61   Thumb Code    22  stm32f10x_dma.o(.text)
    DMA_GetITStatus                          0x08004a77   Thumb Code    40  stm32f10x_dma.o(.text)
    DMA_ClearITPendingBit                    0x08004a9f   Thumb Code    22  stm32f10x_dma.o(.text)
    EXTI_DeInit                              0x08004abd   Thumb Code    28  stm32f10x_exti.o(.text)
    EXTI_Init                                0x08004ad9   Thumb Code   142  stm32f10x_exti.o(.text)
    EXTI_StructInit                          0x08004b67   Thumb Code    16  stm32f10x_exti.o(.text)
    EXTI_GenerateSWInterrupt                 0x08004b77   Thumb Code    16  stm32f10x_exti.o(.text)
    EXTI_GetFlagStatus                       0x08004b87   Thumb Code    22  stm32f10x_exti.o(.text)
    EXTI_ClearFlag                           0x08004b9d   Thumb Code     8  stm32f10x_exti.o(.text)
    EXTI_GetITStatus                         0x08004ba5   Thumb Code    34  stm32f10x_exti.o(.text)
    EXTI_ClearITPendingBit                   0x08004bc7   Thumb Code     8  stm32f10x_exti.o(.text)
    __use_two_region_memory                  0x08004bd9   Thumb Code     2  heapauxi.o(.text)
    __rt_heap_escrow$2region                 0x08004bdb   Thumb Code     2  heapauxi.o(.text)
    __rt_heap_expand$2region                 0x08004bdd   Thumb Code     2  heapauxi.o(.text)
    __user_setup_stackheap                   0x08004bdf   Thumb Code    74  sys_stackheap_outer.o(.text)
    exit                                     0x08004c29   Thumb Code    12  exit.o(.text)
    __user_libspace                          0x08004c35   Thumb Code     8  libspace.o(.text)
    __user_perproc_libspace                  0x08004c35   Thumb Code     0  libspace.o(.text)
    __user_perthread_libspace                0x08004c35   Thumb Code     0  libspace.o(.text)
    _sys_exit                                0x08004c3d   Thumb Code     8  sys_exit.o(.text)
    __I$use$semihosting                      0x08004c49   Thumb Code     0  use_no_semi.o(.text)
    __use_no_semihosting_swi                 0x08004c49   Thumb Code     2  use_no_semi.o(.text)
    __semihosting_library_function           0x08004c4b   Thumb Code     0  indicate_semi.o(.text)
    Region$$Table$$Base                      0x08004c4c   Number         0  anon$$obj.o(Region$$Table)
    Region$$Table$$Limit                     0x08004c6c   Number         0  anon$$obj.o(Region$$Table)
    SystemCoreClock                          0x20000000   Data           4  system_stm32f10x.o(.data)
    AHBPrescTable                            0x20000004   Data          16  system_stm32f10x.o(.data)
    Flag_250ms                               0x20000026   Data           1  timer.o(.data)
    Flag_20ms                                0x20000027   Data           1  timer.o(.data)
    Flag_1s                                  0x20000028   Data           1  timer.o(.data)
    adc_value                                0x2000002c   Data           4  adc.o(.data)
    adc_count                                0x20000030   Data           4  adc.o(.data)
    keyValue                                 0x20000034   Data           2  encoder.o(.data)
    DLStatus1                                0x20000036   Data           4  encoder.o(.data)
    DLStatus                                 0x2000003a   Data           1  encoder.o(.data)
    USART_TXD_REGISTER                       0x20000040   Data           4  datahandle.o(.data)
    USART_RXD_REGISTER                       0x20000044   Data           2  datahandle.o(.data)
    UART5_TX_BUSY_FLAG                       0x20000046   Data           1  datahandle.o(.data)
    UART4_TX_BUSY_FLAG                       0x20000047   Data           1  datahandle.o(.data)
    USART5_TXD_REGISTER                      0x20000048   Data           4  datahandle.o(.data)
    USART1_TXD_REGISTER                      0x2000004c   Data           4  datahandle.o(.data)
    USART4_TXD_REGISTER                      0x20000050   Data           4  datahandle.o(.data)
    System_Task_Register                     0x20000054   Data           4  datahandle.o(.data)
    Alarm_Set                                0x20000058   Data           4  datahandle.o(.data)
    KEY_LED_Set                              0x2000005c   Data           2  datahandle.o(.data)
    EFlow_Meter_Set                          0x2000005e   Data           4  datahandle.o(.data)
    IRAM_CaliData                            0x20000062   Data           2  datahandle.o(.data)
    Oxygen_Set                               0x20000064   Data           1  datahandle.o(.data)
    EflowMeter_Set                           0x20000065   Data           1  datahandle.o(.data)
    Get_Id                                   0x20000066   Data           1  datahandle.o(.data)
    KM_Ver                                   0x20000068   Data           2  datahandle.o(.data)
    EFlow_Ver                                0x2000006a   Data           2  datahandle.o(.data)
    KeyValue_Data                            0x2000006c   Data           2  datahandle.o(.data)
    PowerStatus_Data                         0x2000006e   Data           2  datahandle.o(.data)
    SPO2_Data                                0x20000070   Data           3  datahandle.o(.data)
    FIO2_Data                                0x20000073   Data           3  datahandle.o(.data)
    AA_ETCO2_0_Data                          0x20000076   Data           5  datahandle.o(.data)
    AA_ETCO2_1_Data                          0x2000007b   Data           8  datahandle.o(.data)
    AA_ETCO2_2_Data                          0x20000083   Data           8  datahandle.o(.data)
    AA_ETCO2_3_Data                          0x2000008b   Data           5  datahandle.o(.data)
    Calibration_ID_Data                      0x20000090   Data           3  datahandle.o(.data)
    AlarmSet_Receive_Data                    0x20000093   Data           4  datahandle.o(.data)
    KeyLED_Receive_Data                      0x20000097   Data           2  datahandle.o(.data)
    ElectronicFlowmeter_Set_Receive_Data     0x20000099   Data           4  datahandle.o(.data)
    AA_ETCO2_Calibration_Receive_Data        0x2000009d   Data           2  datahandle.o(.data)
    FIO2_Calibration_Receive_Data            0x2000009f   Data           1  datahandle.o(.data)
    ElectronicFlowmeter_Calibration_Receive_Data 0x200000a0   Data           1  datahandle.o(.data)
    Obtain_ID_Data                           0x200000a1   Data           1  datahandle.o(.data)
    powerInfo                                0x200000a2   Data           2  datahandle.o(.data)
    batteryState                             0x200000a4   Data           1  datahandle.o(.data)
    irma_cali_array                          0x200000a5   Data           5  datahandle.o(.data)
    Uart1TxBuffer                            0x200000b2   Data           6  iram.o(.data)
    UART1_TX_BUSY_FLAG                       0x200000b8   Data           1  iram.o(.data)
    IRMA_Counter                             0x200000ba   Data           2  iram.o(.data)
    SPO2_Counter                             0x200000c2   Data           2  spo2.o(.data)
    SPO2_TxdData                             0x200000c4   Data           4  spo2.o(.data)
    BatteryHighLevel                         0x200000d8   Data           2  sys.o(.data)
    BatteryLowLevel                          0x200000da   Data           2  sys.o(.data)
    Uart5TxBuffer                            0x200000fc   Data          14  usart.o(.bss)
    Uart5RxBuffer                            0x2000010a   Data          30  usart.o(.bss)
    Uart4TxBuffer                            0x20000128   Data          14  usart.o(.bss)
    Uart4RxBuffer                            0x20000136   Data          14  usart.o(.bss)
    ADCresults                               0x20000144   Data        1530  adc.o(.bss)
    AD_Data                                  0x20000740   Data          12  adc.o(.bss)
    ADC_ConvertedValue                       0x2000074c   Data        1530  adc.o(.bss)
    USART_KM_TX_Buffer                       0x20000d6e   Data          12  datahandle.o(.bss)
    eflowMonitorData                         0x20000d7a   Data          10  datahandle.o(.bss)
    IramPara                                 0x20000d84   Data          18  iram.o(.bss)
    IRMA_Txd_SensorFrameData                 0x20000d96   Data          26  iram.o(.bss)
    __libspace_start                         0x20000dd0   Data          96  libspace.o(.bss)
    __temporary_stack_top$libspace           0x20000e30   Data           0  libspace.o(.bss)



==============================================================================

Memory Map of the image

  Image Entry point : 0x08000131

  Load Region LR_IROM1 (Base: 0x08000000, Size: 0x00004d68, Max: 0x00080000, ABSOLUTE)

    Execution Region ER_IROM1 (Base: 0x08000000, Size: 0x00004c6c, Max: 0x00080000, ABSOLUTE)

    Base Addr    Size         Type   Attr      Idx    E Section Name        Object

    0x08000000   0x00000130   Data   RO          444    RESET               startup_stm32f10x_hd.o
    0x08000130   0x00000008   Code   RO          551  * !!!main             c_w.l(__main.o)
    0x08000138   0x00000034   Code   RO          705    !!!scatter          c_w.l(__scatter.o)
    0x0800016c   0x0000001a   Code   RO          707    !!handler_copy      c_w.l(__scatter_copy.o)
    0x08000186   0x00000002   PAD
    0x08000188   0x0000001c   Code   RO          709    !!handler_zi        c_w.l(__scatter_zi.o)
    0x080001a4   0x00000002   Code   RO          578    .ARM.Collect$$libinit$$00000000  c_w.l(libinit.o)
    0x080001a6   0x00000000   Code   RO          585    .ARM.Collect$$libinit$$00000002  c_w.l(libinit2.o)
    0x080001a6   0x00000000   Code   RO          588    .ARM.Collect$$libinit$$00000008  c_w.l(libinit2.o)
    0x080001a6   0x00000000   Code   RO          590    .ARM.Collect$$libinit$$0000000A  c_w.l(libinit2.o)
    0x080001a6   0x00000000   Code   RO          592    .ARM.Collect$$libinit$$0000000C  c_w.l(libinit2.o)
    0x080001a6   0x00000000   Code   RO          595    .ARM.Collect$$libinit$$0000000F  c_w.l(libinit2.o)
    0x080001a6   0x00000000   Code   RO          597    .ARM.Collect$$libinit$$00000011  c_w.l(libinit2.o)
    0x080001a6   0x00000000   Code   RO          599    .ARM.Collect$$libinit$$00000013  c_w.l(libinit2.o)
    0x080001a6   0x00000000   Code   RO          601    .ARM.Collect$$libinit$$00000015  c_w.l(libinit2.o)
    0x080001a6   0x00000000   Code   RO          603    .ARM.Collect$$libinit$$00000017  c_w.l(libinit2.o)
    0x080001a6   0x00000000   Code   RO          605    .ARM.Collect$$libinit$$00000019  c_w.l(libinit2.o)
    0x080001a6   0x00000000   Code   RO          607    .ARM.Collect$$libinit$$0000001B  c_w.l(libinit2.o)
    0x080001a6   0x00000000   Code   RO          609    .ARM.Collect$$libinit$$0000001D  c_w.l(libinit2.o)
    0x080001a6   0x00000000   Code   RO          611    .ARM.Collect$$libinit$$0000001F  c_w.l(libinit2.o)
    0x080001a6   0x00000000   Code   RO          613    .ARM.Collect$$libinit$$00000021  c_w.l(libinit2.o)
    0x080001a6   0x00000000   Code   RO          615    .ARM.Collect$$libinit$$00000023  c_w.l(libinit2.o)
    0x080001a6   0x00000000   Code   RO          619    .ARM.Collect$$libinit$$0000002A  c_w.l(libinit2.o)
    0x080001a6   0x00000000   Code   RO          621    .ARM.Collect$$libinit$$0000002C  c_w.l(libinit2.o)
    0x080001a6   0x00000000   Code   RO          623    .ARM.Collect$$libinit$$0000002E  c_w.l(libinit2.o)
    0x080001a6   0x00000000   Code   RO          625    .ARM.Collect$$libinit$$00000030  c_w.l(libinit2.o)
    0x080001a6   0x00000002   Code   RO          626    .ARM.Collect$$libinit$$00000031  c_w.l(libinit2.o)
    0x080001a8   0x00000002   Code   RO          646    .ARM.Collect$$libshutdown$$00000000  c_w.l(libshutdown.o)
    0x080001aa   0x00000000   Code   RO          660    .ARM.Collect$$libshutdown$$00000003  c_w.l(libshutdown2.o)
    0x080001aa   0x00000000   Code   RO          663    .ARM.Collect$$libshutdown$$00000006  c_w.l(libshutdown2.o)
    0x080001aa   0x00000000   Code   RO          666    .ARM.Collect$$libshutdown$$00000009  c_w.l(libshutdown2.o)
    0x080001aa   0x00000000   Code   RO          668    .ARM.Collect$$libshutdown$$0000000B  c_w.l(libshutdown2.o)
    0x080001aa   0x00000000   Code   RO          671    .ARM.Collect$$libshutdown$$0000000E  c_w.l(libshutdown2.o)
    0x080001aa   0x00000002   Code   RO          672    .ARM.Collect$$libshutdown$$0000000F  c_w.l(libshutdown2.o)
    0x080001ac   0x00000000   Code   RO          553    .ARM.Collect$$rtentry$$00000000  c_w.l(rtentry.o)
    0x080001ac   0x00000000   Code   RO          555    .ARM.Collect$$rtentry$$00000002  c_w.l(rtentry2.o)
    0x080001ac   0x00000006   Code   RO          567    .ARM.Collect$$rtentry$$00000004  c_w.l(rtentry4.o)
    0x080001b2   0x00000000   Code   RO          557    .ARM.Collect$$rtentry$$00000009  c_w.l(rtentry2.o)
    0x080001b2   0x00000004   Code   RO          558    .ARM.Collect$$rtentry$$0000000A  c_w.l(rtentry2.o)
    0x080001b6   0x00000000   Code   RO          560    .ARM.Collect$$rtentry$$0000000C  c_w.l(rtentry2.o)
    0x080001b6   0x00000008   Code   RO          561    .ARM.Collect$$rtentry$$0000000D  c_w.l(rtentry2.o)
    0x080001be   0x00000002   Code   RO          582    .ARM.Collect$$rtexit$$00000000  c_w.l(rtexit.o)
    0x080001c0   0x00000000   Code   RO          628    .ARM.Collect$$rtexit$$00000002  c_w.l(rtexit2.o)
    0x080001c0   0x00000004   Code   RO          629    .ARM.Collect$$rtexit$$00000003  c_w.l(rtexit2.o)
    0x080001c4   0x00000006   Code   RO          630    .ARM.Collect$$rtexit$$00000004  c_w.l(rtexit2.o)
    0x080001ca   0x00000002   PAD
    0x080001cc   0x0000007c   Code   RO            1    .text               main.o
    0x08000248   0x0000001a   Code   RO          139    .text               stm32f10x_it.o
    0x08000262   0x00000002   PAD
    0x08000264   0x000001e0   Code   RO          154    .text               system_stm32f10x.o
    0x08000444   0x0000022c   Code   RO          172    .text               led.o
    0x08000670   0x000004fc   Code   RO          222    .text               usart.o
    0x08000b6c   0x000001a0   Code   RO          242    .text               wt588d.o
    0x08000d0c   0x00000114   Code   RO          255    .text               timer.o
    0x08000e20   0x00000324   Code   RO          277    .text               adc.o
    0x08001144   0x00000204   Code   RO          294    .text               encoder.o
    0x08001348   0x000002b0   Code   RO          313    .text               ch452.o
    0x080015f8   0x00000ca0   Code   RO          331    .text               datahandle.o
    0x08002298   0x000003a0   Code   RO          358    .text               iram.o
    0x08002638   0x00000210   Code   RO          379    .text               spo2.o
    0x08002848   0x000000d4   Code   RO          398    .text               delay.o
    0x0800291c   0x000000bc   Code   RO          412    .text               sys.o
    0x080029d8   0x00000040   Code   RO          445    .text               startup_stm32f10x_hd.o
    0x08002a18   0x0000035c   Code   RO          449    .text               stm32f10x_gpio.o
    0x08002d74   0x000003a4   Code   RO          461    .text               stm32f10x_rcc.o
    0x08003118   0x000000dc   Code   RO          475    .text               misc.o
    0x080031f4   0x00000408   Code   RO          487    .text               stm32f10x_usart.o
    0x080035fc   0x00000e1a   Code   RO          499    .text               stm32f10x_tim.o
    0x08004416   0x00000002   PAD
    0x08004418   0x0000044e   Code   RO          511    .text               stm32f10x_adc.o
    0x08004866   0x00000002   PAD
    0x08004868   0x00000254   Code   RO          523    .text               stm32f10x_dma.o
    0x08004abc   0x0000011c   Code   RO          535    .text               stm32f10x_exti.o
    0x08004bd8   0x00000006   Code   RO          549    .text               c_w.l(heapauxi.o)
    0x08004bde   0x0000004a   Code   RO          569    .text               c_w.l(sys_stackheap_outer.o)
    0x08004c28   0x0000000c   Code   RO          571    .text               c_w.l(exit.o)
    0x08004c34   0x00000008   Code   RO          579    .text               c_w.l(libspace.o)
    0x08004c3c   0x0000000c   Code   RO          638    .text               c_w.l(sys_exit.o)
    0x08004c48   0x00000002   Code   RO          649    .text               c_w.l(use_no_semi.o)
    0x08004c4a   0x00000000   Code   RO          651    .text               c_w.l(indicate_semi.o)
    0x08004c4a   0x00000002   PAD
    0x08004c4c   0x00000020   Data   RO          703    Region$$Table       anon$$obj.o


    Execution Region RW_IRAM1 (Base: 0x20000000, Size: 0x00001430, Max: 0x00010000, ABSOLUTE)

    Base Addr    Size         Type   Attr      Idx    E Section Name        Object

    0x20000000   0x00000014   Data   RW          155    .data               system_stm32f10x.o
    0x20000014   0x00000004   Data   RW          173    .data               led.o
    0x20000018   0x0000000c   Data   RW          224    .data               usart.o
    0x20000024   0x00000002   Data   RW          243    .data               wt588d.o
    0x20000026   0x00000004   Data   RW          256    .data               timer.o
    0x2000002a   0x00000002   PAD
    0x2000002c   0x00000008   Data   RW          279    .data               adc.o
    0x20000034   0x0000000b   Data   RW          295    .data               encoder.o
    0x2000003f   0x00000001   Data   RW          314    .data               ch452.o
    0x20000040   0x00000072   Data   RW          333    .data               datahandle.o
    0x200000b2   0x00000010   Data   RW          360    .data               iram.o
    0x200000c2   0x0000000f   Data   RW          380    .data               spo2.o
    0x200000d1   0x00000001   PAD
    0x200000d2   0x00000004   Data   RW          399    .data               delay.o
    0x200000d6   0x00000002   PAD
    0x200000d8   0x00000010   Data   RW          413    .data               sys.o
    0x200000e8   0x00000014   Data   RW          462    .data               stm32f10x_rcc.o
    0x200000fc   0x00000048   Zero   RW          223    .bss                usart.o
    0x20000144   0x00000c2a   Zero   RW          278    .bss                adc.o
    0x20000d6e   0x00000016   Zero   RW          332    .bss                datahandle.o
    0x20000d84   0x0000004a   Zero   RW          359    .bss                iram.o
    0x20000dce   0x00000002   PAD
    0x20000dd0   0x00000060   Zero   RW          580    .bss                c_w.l(libspace.o)
    0x20000e30   0x00000200   Zero   RW          443    HEAP                startup_stm32f10x_hd.o
    0x20001030   0x00000400   Zero   RW          442    STACK               startup_stm32f10x_hd.o


==============================================================================

Image component sizes


      Code (inc. data)   RO Data    RW Data    ZI Data      Debug   Object Name

       804         26          0          8       3114       3252   adc.o
       688         36          0          1          0       2069   ch452.o
         0          0          0          0          0         32   core_cm3.o
      3232        230          0        114         22      12088   datahandle.o
       212         18          0          4          0        999   delay.o
       516         56          0         11          0       2343   encoder.o
       928         64          0         16         74       7362   iram.o
       556         50          0          4          0     218249   led.o
       124          6          0          0          0      58059   main.o
       220         22          0          0          0       1785   misc.o
       528         28          0         15          0       2208   spo2.o
        64         26        304          0       1536        784   startup_stm32f10x_hd.o
      1102         26          0          0          0      10817   stm32f10x_adc.o
       596          8          0          0          0       4310   stm32f10x_dma.o
       284         10          0          0          0       2215   stm32f10x_exti.o
       860         38          0          0          0       5629   stm32f10x_gpio.o
        26          0          0          0          0       1182   stm32f10x_it.o
       932         36          0         20          0       8788   stm32f10x_rcc.o
      3610         88          0          0          0      22112   stm32f10x_tim.o
      1032         22          0          0          0       8352   stm32f10x_usart.o
       188         28          0         16          0       1457   sys.o
       480         38          0         20          0       1715   system_stm32f10x.o
       276         24          0          4          0       1147   timer.o
      1276         94          0         12         72       4906   usart.o
       416         20          0          2          0       1796   wt588d.o

    ----------------------------------------------------------------------
     18956        994        336        252       4820     383656   Object Totals
         0          0         32          0          0          0   (incl. Generated)
         6          0          0          5          2          0   (incl. Padding)

    ----------------------------------------------------------------------

      Code (inc. data)   RO Data    RW Data    ZI Data      Debug   Library Member Name

         8          0          0          0          0         68   __main.o
        52          8          0          0          0          0   __scatter.o
        26          0          0          0          0          0   __scatter_copy.o
        28          0          0          0          0          0   __scatter_zi.o
        12          0          0          0          0         72   exit.o
         6          0          0          0          0        152   heapauxi.o
         0          0          0          0          0          0   indicate_semi.o
         2          0          0          0          0          0   libinit.o
         2          0          0          0          0          0   libinit2.o
         2          0          0          0          0          0   libshutdown.o
         2          0          0          0          0          0   libshutdown2.o
         8          4          0          0         96         68   libspace.o
         0          0          0          0          0          0   rtentry.o
        12          0          0          0          0          0   rtentry2.o
         6          0          0          0          0          0   rtentry4.o
         2          0          0          0          0          0   rtexit.o
        10          0          0          0          0          0   rtexit2.o
        12          4          0          0          0         68   sys_exit.o
        74          0          0          0          0         80   sys_stackheap_outer.o
         2          0          0          0          0         68   use_no_semi.o

    ----------------------------------------------------------------------
       272         16          0          0         96        576   Library Totals
         6          0          0          0          0          0   (incl. Padding)

    ----------------------------------------------------------------------

      Code (inc. data)   RO Data    RW Data    ZI Data      Debug   Library Name

       266         16          0          0         96        576   c_w.l

    ----------------------------------------------------------------------
       272         16          0          0         96        576   Library Totals

    ----------------------------------------------------------------------

==============================================================================


      Code (inc. data)   RO Data    RW Data    ZI Data      Debug   

     19228       1010        336        252       4916     381940   Grand Totals
     19228       1010        336        252       4916     381940   ELF Image Totals
     19228       1010        336        252          0          0   ROM Totals

==============================================================================

    Total RO  Size (Code + RO Data)                19564 (  19.11kB)
    Total RW  Size (RW Data + ZI Data)              5168 (   5.05kB)
    Total ROM Size (Code + RO Data + RW Data)      19816 (  19.35kB)

==============================================================================

